---
source: optimizer/src/spec_parity_tests.rs
expression: output
---
==INPUT==

import { $, component$, useSignal, Signal } from '@qwik.dev/core';
const Foo = component$(() => {
  const data = useSignal<Signal<any>[]>([]);
  const Inner = component$((props) => {
    const data = props.data
    return <div>{data.value.map(item => <p onClick$={() => console.log(item.value.id)}>{item.value.id}</p>)}</div>
  })
  return <Inner data={data} />
})

============================= test.js ==

import { componentQrl, qrl } from "@qwik.dev/core";
const i_ZC4KYkw3qcs = ()=>import("./test.tsx_test_Foo_component_Inner_component_ZC4KYkw3qcs");
const i_NK5Hyit5tec = ()=>import("./test.tsx_test_Foo_component_NK5Hyit5tec");
const _hf0 = (p0)=>p0.value.id;
const _hf0_str = "p0.value.id";
/*#__PURE__*/ componentQrl(/*#__PURE__*/ qrl(i_NK5Hyit5tec, "test_Foo_component_NK5Hyit5tec"));


None
============================= test.tsx_test_Foo_component_Inner_component_div_map_p_onClick_TA0Ipt6LQ0U.js (ENTRY POINT)==

export const test_Foo_component_Inner_component_div_map_p_onClick_TA0Ipt6LQ0U = (_, _1, item)=>console.log(item.value.id);


None
/*
{
  "origin": "test.tsx",
  "name": "test_Foo_component_Inner_component_div_map_p_onClick_TA0Ipt6LQ0U",
  "entry": null,
  "displayName": "test_Foo_component_Inner_component_div_map_p_onClick",
  "hash": "TA0Ipt6LQ0U",
  "canonicalFilename": "test.tsx_test_Foo_component_Inner_component_div_map_p_onClick_TA0Ipt6LQ0U",
  "path": "",
  "extension": "js",
  "parent": null,
  "ctxKind": "eventHandler",
  "ctxName": "onClick$",
  "captures": false,
  "loc": [
    0,
    0
  ]
}
*/
============================= test.tsx_test_Foo_component_Inner_component_ZC4KYkw3qcs.js (ENTRY POINT)==

import { _fnSignal, _jsxSorted, qrl } from "@qwik.dev/core";
const i_TA0Ipt6LQ0U = ()=>import("./test.tsx_test_Foo_component_Inner_component_div_map_p_onClick_TA0Ipt6LQ0U");
export const test_Foo_component_Inner_component_ZC4KYkw3qcs = (props)=>{
	const [data] = useLexicalScope();
	const data = props.data;
	return /*#__PURE__*/ _jsxSorted("div", null, null, data.value.map((item)=>/*#__PURE__*/ _jsxSorted("p", {
		q:p: item,
		on:click: /*#__PURE__*/ qrl(i_TA0Ipt6LQ0U, "test_Foo_component_Inner_component_div_map_p_onClick_TA0Ipt6LQ0U")
	}, null, _fnSignal(_hf0, [item], _hf0_str), 1, null)), 1, null);
};


None
/*
{
  "origin": "test.tsx",
  "name": "test_Foo_component_Inner_component_ZC4KYkw3qcs",
  "entry": null,
  "displayName": "test_Foo_component_Inner_component",
  "hash": "ZC4KYkw3qcs",
  "canonicalFilename": "test.tsx_test_Foo_component_Inner_component_ZC4KYkw3qcs",
  "path": "",
  "extension": "js",
  "parent": "component",
  "ctxKind": "function",
  "ctxName": "component$",
  "captures": true,
  "loc": [
    170,
    329
  ]
}
*/
============================= test.tsx_test_Foo_component_NK5Hyit5tec.js (ENTRY POINT)==

import { _jsxSorted, componentQrl, qrl, useSignal } from "@qwik.dev/core";
const i_ZC4KYkw3qcs = ()=>import("./test.tsx_test_Foo_component_Inner_component_ZC4KYkw3qcs");
export const test_Foo_component_NK5Hyit5tec = ()=>{
	const data = useSignal([]);
	const Inner = /*#__PURE__*/ componentQrl(/*#__PURE__*/ qrl(i_ZC4KYkw3qcs, "test_Foo_component_Inner_component_ZC4KYkw3qcs", [data]));
	return _jsxSorted(Inner, null, { data }, null, 3, null);
};


None
/*
{
  "origin": "test.tsx",
  "name": "test_Foo_component_NK5Hyit5tec",
  "entry": null,
  "displayName": "test_Foo_component",
  "hash": "NK5Hyit5tec",
  "canonicalFilename": "test.tsx_test_Foo_component_NK5Hyit5tec",
  "path": "",
  "extension": "js",
  "parent": null,
  "ctxKind": "function",
  "ctxName": "component$",
  "captures": false,
  "loc": [
    90,
    363
  ]
}
*/
== DIAGNOSTICS ==

[]
