---
source: optimizer/src/spec_parity_tests.rs
expression: output
---
==INPUT==

import { component$ } from '@qwik.dev/core';

function Hola(props: any) {
	return <div {...props}></div>;
}

export default component$(() => {
return <Hola>
	<div>1</div>
	<div>2</div>
</Hola>;
});

============================= test.tsx_component_ZUK1E201Ins.tsx (ENTRY POINT)==

import { _jsxSorted } from "@qwik.dev/core";
export const component_ZUK1E201Ins = ()=>{
	return _jsxSorted(Hola, null, null, [/*#__PURE__*/ _jsxSorted("div", null, null, "1", 3, null), /*#__PURE__*/ _jsxSorted("div", null, null, "2", 3, null)], 3, null);
};


None
/*
{
  "origin": "test.tsx",
  "name": "component_ZUK1E201Ins",
  "entry": null,
  "displayName": "test.tsx_component",
  "hash": "ZUK1E201Ins",
  "canonicalFilename": "test.tsx_component_ZUK1E201Ins",
  "path": "",
  "extension": "tsx",
  "parent": null,
  "ctxKind": "function",
  "ctxName": "component$",
  "captures": false,
  "loc": [
    135,
    195
  ]
}
*/
============================= test.tsx ==

import { _getConstProps, _getVarProps, _jsxSplit, componentQrl, qrl } from "@qwik.dev/core";
const i_ZUK1E201Ins = ()=>import("./test.tsx_component_ZUK1E201Ins");
function Hola(props) {
	return /*#__PURE__*/ _jsxSplit("div", { ..._getVarProps(props) }, _getConstProps(props), null, 0, null);
}
export default /*#__PURE__*/ componentQrl(/*#__PURE__*/ qrl(i_ZUK1E201Ins, "component_ZUK1E201Ins"));


None
== DIAGNOSTICS ==

[]
