---
source: optimizer/src/js_lib_interface.rs
expression: output
---
==INPUT==

import { $, component$ } from '@builder.io/qwik';
export const Header = component$(() => {
    return (
        <>
            <div onClick={(ctx) => console.log("1")}/>
            <div onClick={$((ctx) => console.log("2"))}/>
        </>
    );
});
============================= test_example_5.tsx_Header_component_div_onClick_fw2SWFXEVDc.tsx (ENTRY POINT)==

export const Header_component_div_onClick_fw2SWFXEVDc = (ctx)=>console.log("2");


None
/*
{
  "origin": "test_example_5.tsx",
  "name": "Header_component_div_onClick_fw2SWFXEVDc",
  "entry": null,
  "displayName": "test_example_5.tsx_Header_component_div_onClick",
  "hash": "fw2SWFXEVDc",
  "canonicalFilename": "test_example_5.tsx_Header_component_div_onClick_fw2SWFXEVDc",
  "path": "",
  "extension": "tsx",
  "parent": null,
  "ctxKind": "function",
  "ctxName": "$",
  "captures": false,
  "loc": [
    198,
    223
  ]
}
*/
============================= test_example_5.tsx_Header_component_6fmck36BQEs.tsx (ENTRY POINT)==

import { _jsxSorted, qrl } from "@qwik.dev/core";
import { Fragment as _Fragment } from "@qwik.dev/core/jsx-runtime";
const i_fw2SWFXEVDc = ()=>import("./test_example_5.tsx_Header_component_div_onClick_fw2SWFXEVDc");
export const Header_component_6fmck36BQEs = ()=>{
	return /*#__PURE__*/ _jsxSorted(_Fragment, null, null, [/*#__PURE__*/ _jsxSorted("div", { onClick: (ctx)=>console.log("1") }, null, null, 3, null), /*#__PURE__*/ _jsxSorted("div", { onClick: /*#__PURE__*/ qrl(i_fw2SWFXEVDc, "Header_component_div_onClick_fw2SWFXEVDc") }, null, null, 3, null)], 3, null);
};


None
/*
{
  "origin": "test_example_5.tsx",
  "name": "Header_component_6fmck36BQEs",
  "entry": null,
  "displayName": "test_example_5.tsx_Header_component",
  "hash": "6fmck36BQEs",
  "canonicalFilename": "test_example_5.tsx_Header_component_6fmck36BQEs",
  "path": "",
  "extension": "tsx",
  "parent": null,
  "ctxKind": "function",
  "ctxName": "component$",
  "captures": false,
  "loc": [
    83,
    248
  ]
}
*/
============================= test_example_5.tsx ==

import { componentQrl, qrl } from "@qwik.dev/core";
const i_fw2SWFXEVDc = ()=>import("./test_example_5.tsx_Header_component_div_onClick_fw2SWFXEVDc");
const i_6fmck36BQEs = ()=>import("./test_example_5.tsx_Header_component_6fmck36BQEs");
export const Header = /*#__PURE__*/ componentQrl(/*#__PURE__*/ qrl(i_6fmck36BQEs, "Header_component_6fmck36BQEs"));


None
== DIAGNOSTICS ==

[]
