---
source: optimizer/src/js_lib_interface.rs
expression: output
---
==INPUT==

// @ts-ignore
import {$, component, onRender} from '@builder.io/qwik';

// @ts-ignore
export const renderHeader = $(() => {
    return (
        <div onClick={$((ctx) => console.log(ctx))}/>
    );
});
// @ts-ignore
const renderHeader = component($(() => {
    console.log("mount");
    return render;
}));

============================= test_example_1.js ==

import { component, qrl } from "@qwik.dev/core";
const i_QOZPW1kdNwM = ()=>import("./test_example_1.tsx_test_example_1_renderHeader_div_onClick_QOZPW1kdNwM");
const i_oJxJhJVJMno = ()=>import("./test_example_1.tsx_test_example_1_renderHeader_oJxJhJVJMno");
const i_cE2tqZWCYg4 = ()=>import("./test_example_1.tsx_test_example_1_renderHeader_component_cE2tqZWCYg4");
// @ts-ignore
export const renderHeader = /*#__PURE__*/ qrl(i_oJxJhJVJMno, "test_example_1_renderHeader_oJxJhJVJMno");
// @ts-ignore
const renderHeader = component(/*#__PURE__*/ qrl(i_cE2tqZWCYg4, "test_example_1_renderHeader_component_cE2tqZWCYg4"));


None
============================= test_example_1.tsx_test_example_1_renderHeader_div_onClick_QOZPW1kdNwM.js (ENTRY POINT)==

export const test_example_1_renderHeader_div_onClick_QOZPW1kdNwM = (ctx)=>console.log(ctx);


None
/*
{
  "origin": "test_example_1.tsx",
  "name": "test_example_1_renderHeader_div_onClick_QOZPW1kdNwM",
  "entry": null,
  "displayName": "test_example_1_renderHeader_div_onClick",
  "hash": "QOZPW1kdNwM",
  "canonicalFilename": "test_example_1.tsx_test_example_1_renderHeader_div_onClick_QOZPW1kdNwM",
  "path": "",
  "extension": "js",
  "parent": "$0",
  "ctxKind": "function",
  "ctxName": "$",
  "captures": false,
  "loc": [
    161,
    186
  ]
}
*/
============================= test_example_1.tsx_test_example_1_renderHeader_component_cE2tqZWCYg4.js (ENTRY POINT)==

export const test_example_1_renderHeader_component_cE2tqZWCYg4 = ()=>{
	console.log("mount");
	return render;
};


None
/*
{
  "origin": "test_example_1.tsx",
  "name": "test_example_1_renderHeader_component_cE2tqZWCYg4",
  "entry": null,
  "displayName": "test_example_1_renderHeader_component",
  "hash": "cE2tqZWCYg4",
  "canonicalFilename": "test_example_1.tsx_test_example_1_renderHeader_component_cE2tqZWCYg4",
  "path": "",
  "extension": "js",
  "parent": null,
  "ctxKind": "function",
  "ctxName": "$",
  "captures": false,
  "loc": [
    249,
    303
  ]
}
*/
============================= test_example_1.tsx_test_example_1_renderHeader_oJxJhJVJMno.js (ENTRY POINT)==

import { _jsxSorted, qrl } from "@qwik.dev/core";
const i_QOZPW1kdNwM = ()=>import("./test_example_1.tsx_test_example_1_renderHeader_div_onClick_QOZPW1kdNwM");
export const test_example_1_renderHeader_oJxJhJVJMno = ()=>{
	return /*#__PURE__*/ _jsxSorted("div", { onClick: /*#__PURE__*/ qrl(i_QOZPW1kdNwM, "test_example_1_renderHeader_div_onClick_QOZPW1kdNwM") }, null, null, 3, null);
};


None
/*
{
  "origin": "test_example_1.tsx",
  "name": "test_example_1_renderHeader_oJxJhJVJMno",
  "entry": null,
  "displayName": "test_example_1_renderHeader",
  "hash": "oJxJhJVJMno",
  "canonicalFilename": "test_example_1.tsx_test_example_1_renderHeader_oJxJhJVJMno",
  "path": "",
  "extension": "js",
  "parent": null,
  "ctxKind": "function",
  "ctxName": "$",
  "captures": false,
  "loc": [
    116,
    199
  ]
}
*/
== DIAGNOSTICS ==

[]
