---
source: optimizer/src/js_lib_interface.rs
expression: output
---
==INPUT==

import { $, component$ } from '@builder.io/qwik';
export function App() {
    const Header = component$(() => {
        console.log("mount");
        return (
            <div onClick={$((ctx) => console.log(ctx))}/>
        );
    });
    return Header;
}

============================= test_example_4.tsx_test_example_4_App_Header_component_div_onClick_v01Av6A0JFo.js (ENTRY POINT)==

export const test_example_4_App_Header_component_div_onClick_v01Av6A0JFo = (ctx)=>console.log(ctx);


None
/*
{
  "origin": "test_example_4.tsx",
  "name": "test_example_4_App_Header_component_div_onClick_v01Av6A0JFo",
  "entry": null,
  "displayName": "test_example_4_App_Header_component_div_onClick",
  "hash": "v01Av6A0JFo",
  "canonicalFilename": "test_example_4.tsx_test_example_4_App_Header_component_div_onClick_v01Av6A0JFo",
  "path": "",
  "extension": "js",
  "parent": "component",
  "ctxKind": "function",
  "ctxName": "$",
  "captures": false,
  "loc": [
    187,
    212
  ]
}
*/
============================= test_example_4.js ==

import { componentQrl, qrl } from "@qwik.dev/core";
const i_v01Av6A0JFo = ()=>import("./test_example_4.tsx_test_example_4_App_Header_component_div_onClick_v01Av6A0JFo");
const i_z2VGSA54s7U = ()=>import("./test_example_4.tsx_test_example_4_App_Header_component_z2VGSA54s7U");
export function App() {
	const Header = /*#__PURE__*/ componentQrl(/*#__PURE__*/ qrl(i_z2VGSA54s7U, "test_example_4_App_Header_component_z2VGSA54s7U"));
	return Header;
}


None
============================= test_example_4.tsx_test_example_4_App_Header_component_z2VGSA54s7U.js (ENTRY POINT)==

import { _jsxSorted, qrl } from "@qwik.dev/core";
const i_v01Av6A0JFo = ()=>import("./test_example_4.tsx_test_example_4_App_Header_component_div_onClick_v01Av6A0JFo");
export const test_example_4_App_Header_component_z2VGSA54s7U = ()=>{
	console.log("mount");
	return /*#__PURE__*/ _jsxSorted("div", { onClick: /*#__PURE__*/ qrl(i_v01Av6A0JFo, "test_example_4_App_Header_component_div_onClick_v01Av6A0JFo") }, null, null, 3, null);
};


None
/*
{
  "origin": "test_example_4.tsx",
  "name": "test_example_4_App_Header_component_z2VGSA54s7U",
  "entry": null,
  "displayName": "test_example_4_App_Header_component",
  "hash": "z2VGSA54s7U",
  "canonicalFilename": "test_example_4.tsx_test_example_4_App_Header_component_z2VGSA54s7U",
  "path": "",
  "extension": "js",
  "parent": null,
  "ctxKind": "function",
  "ctxName": "component$",
  "captures": false,
  "loc": [
    104,
    233
  ]
}
*/
== DIAGNOSTICS ==

[]
