---
source: optimizer/src/spec_parity_tests.rs
expression: output
---
==INPUT==

import { component$, useSignal, Signal } from '@qwik.dev/core';
const Foo = component$(function() {
  const data = useSignal<Signal<any>[]>([]);
  const data2 = useSignal<Signal<any>[]>([]);
  return <div>
	{data.value.map(row => (
	  <div onClick$={() => console.log(row.value.id)}>
		{data2.value.map(item => (
		  <p onClick$={() => console.log(row.value.id, item.value.id)}>{row.value.id}-{item.value.id}</p>
		))}
	  </div>
	))}
  </div>;
})

============================= ./should_transform_nested_loops.tsx_Foo_component_Cz0TozV0aEg.js (ENTRY POINT)==

import { _fnSignal, _jsxSorted, qrl, useSignal } from "@qwik.dev/core";
export const Foo_component_Cz0TozV0aEg = function() {
	const data = useSignal([]);
	const data2 = useSignal([]);
	return /*#__PURE__*/ _jsxSorted("div", null, null, data.value.map((row) => /*#__PURE__*/ _jsxSorted("div", { on:click: qrl(i_Foo_component_div_map_div_onClick_aR80SEY5Guw, "Foo_component_div_map_div_onClick_aR80SEY5Guw") }, null, data2.value.map((item) => /*#__PURE__*/ _jsxSorted("p", { on:click: qrl(i_Foo_component_div_map_div_map_p_onClick_9unwgHJ0eJI, "Foo_component_div_map_div_map_p_onClick_9unwgHJ0eJI", [row]) }, null, [
		row.value.id,
		"-",
		_fnSignal((p0) => p0.value.id, [item], "p0.value.id")
	], 1, null)), 1, null)), 1, null);
};


None
/*
{
  "origin": "should_transform_nested_loops.tsx",
  "name": "Foo_component_Cz0TozV0aEg",
  "entry": null,
  "displayName": "should_transform_nested_loops.tsx_Foo_component",
  "hash": "Cz0TozV0aEg",
  "canonicalFilename": "should_transform_nested_loops.tsx_Foo_component_Cz0TozV0aEg",
  "path": ".",
  "extension": "js",
  "parent": null,
  "ctxKind": "function",
  "ctxName": "Foo_component_Cz0TozV0aEg",
  "captures": false,
  "loc": [
    0,
    0
  ]
}
*/
============================= ./should_transform_nested_loops.tsx_Foo_component_div_map_div_map_p_onClick_9unwgHJ0eJI.js (ENTRY POINT)==

import { useLexicalScope } from "@qwik.dev/core";
export const Foo_component_div_map_div_map_p_onClick_9unwgHJ0eJI = (_, _1, item) => {
	const [row] = useLexicalScope();
	return console.log(row.value.id, item.value.id);
};


None
/*
{
  "origin": "should_transform_nested_loops.tsx",
  "name": "Foo_component_div_map_div_map_p_onClick_9unwgHJ0eJI",
  "entry": null,
  "displayName": "should_transform_nested_loops.tsx_Foo_component_div_map_div_map_p_onClick",
  "hash": "9unwgHJ0eJI",
  "canonicalFilename": "should_transform_nested_loops.tsx_Foo_component_div_map_div_map_p_onClick_9unwgHJ0eJI",
  "path": ".",
  "extension": "js",
  "parent": null,
  "ctxKind": "function",
  "ctxName": "Foo_component_div_map_div_map_p_onClick_9unwgHJ0eJI",
  "captures": false,
  "loc": [
    0,
    0
  ]
}
*/
============================= ./should_transform_nested_loops.tsx_Foo_component_div_map_div_onClick_aR80SEY5Guw.js (ENTRY POINT)==

export const Foo_component_div_map_div_onClick_aR80SEY5Guw = (_, _1, row) => console.log(row.value.id);


None
/*
{
  "origin": "should_transform_nested_loops.tsx",
  "name": "Foo_component_div_map_div_onClick_aR80SEY5Guw",
  "entry": null,
  "displayName": "should_transform_nested_loops.tsx_Foo_component_div_map_div_onClick",
  "hash": "aR80SEY5Guw",
  "canonicalFilename": "should_transform_nested_loops.tsx_Foo_component_div_map_div_onClick_aR80SEY5Guw",
  "path": ".",
  "extension": "js",
  "parent": null,
  "ctxKind": "function",
  "ctxName": "Foo_component_div_map_div_onClick_aR80SEY5Guw",
  "captures": false,
  "loc": [
    0,
    0
  ]
}
*/
============================= should_transform_nested_loops.tsx ==

import { componentQrl, qrl } from "@qwik.dev/core";
const i_Foo_component_div_map_div_onClick_aR80SEY5Guw = () => import("./should_transform_nested_loops.tsx_Foo_component_div_map_div_onClick_aR80SEY5Guw.js");
const i_Foo_component_div_map_div_map_p_onClick_9unwgHJ0eJI = () => import("./should_transform_nested_loops.tsx_Foo_component_div_map_div_map_p_onClick_9unwgHJ0eJI.js");
const i_Foo_component_Cz0TozV0aEg = () => import("./should_transform_nested_loops.tsx_Foo_component_Cz0TozV0aEg.js");
componentQrl(qrl(i_Foo_component_Cz0TozV0aEg, "Foo_component_Cz0TozV0aEg"));


None
== DIAGNOSTICS ==

[]
