---
source: optimizer/src/transform.rs
expression: result.body
---
"import { componentQrl, qrl } from \"@qwik.dev/core\";\nexport const Header = componentQrl(qrl(() => import(\"./test.tsx_Header_component_J4uyIhaBNR4\"), \"Header_component_J4uyIhaBNR4\"));\nexport const App = componentQrl(qrl(() => import(\"./test.tsx_App_component_ckEPmXZlub0\"), \"App_component_ckEPmXZlub0\"));\n"
