---
source: optimizer/src/spec_parity_tests.rs
expression: output
---
==INPUT==

import { component$, useSignal } from "@qwik.dev/core";

export const FieldInput = component$(() => {
  const localValue = useSignal(false);

  return (
    <input
      onInput$={() => {
        console.log("test");
      }}
      bind:checked={localValue}
    />
  );
});

============================= should_merge_bind_checked_and_on_input.tsx ==

import { componentQrl, qrl } from "@qwik.dev/core";
export const FieldInput = componentQrl(qrl(() => import("./should_merge_bind_checked_and_on_input.tsx_FieldInput_component_GdAxPiphLLQ.js"), "FieldInput_component_GdAxPiphLLQ"));


None
============================= ./should_merge_bind_checked_and_on_input.tsx_FieldInput_component_GdAxPiphLLQ.js (ENTRY POINT)==

import { _jsxSorted, qrl, useSignal } from "@qwik.dev/core";
export const FieldInput_component_GdAxPiphLLQ = () => {
	const localValue = useSignal(false);
	return /* @__PURE__ */ _jsxSorted("input", { on:input: qrl(() => import("./should_merge_bind_checked_and_on_input.tsx.js"), "FieldInput_component_input_onInput") }, {
		checked: localValue,
		on:input: inlinedQrl(_chk, "_chk", [localValue])
	}, null, 3, null);
};


None
/*
{
  "origin": "should_merge_bind_checked_and_on_input.tsx",
  "name": "FieldInput_component_GdAxPiphLLQ",
  "entry": null,
  "displayName": "should_merge_bind_checked_and_on_input.tsx_FieldInput_component",
  "hash": "GdAxPiphLLQ",
  "canonicalFilename": "should_merge_bind_checked_and_on_input.tsx_FieldInput_component_GdAxPiphLLQ",
  "path": ".",
  "extension": "js",
  "parent": null,
  "ctxKind": "function",
  "ctxName": "FieldInput_component_GdAxPiphLLQ",
  "captures": false,
  "loc": [
    0,
    0
  ]
}
*/
== DIAGNOSTICS ==

[]
