---
source: optimizer/src/spec_parity_tests.rs
expression: output
---
==INPUT==

import { component$, $ } from '@qwik.dev/core';
import { CustomComponent } from './custom-component';
import { AnotherComponent } from './another-component';

export const Greeter = component$(() => {
	return (
		<div>
			<CustomComponent onClick$={() => {}}/>
			{array.map(item => (
				<AnotherComponent onClick$={() => {}}/>
			))}
		</div>
	)
});

============================= test.tsx_test_Greeter_component_ypCtrRwcmFs.tsx (ENTRY POINT)==

import { AnotherComponent } from "./another-component";
import { CustomComponent } from "./custom-component";
import { qrl } from "@qwik.dev/core";
const i_TMeOCKx0wo0 = ()=>import("./test.tsx_test_Greeter_component_div_map_AnotherComponent_onClick_TMeOCKx0wo0");
const i_onClick = ()=>import("./test.tsx");
export const test_Greeter_component_ypCtrRwcmFs = ()=>{
	return <div>
			<CustomComponent onClick$={/*#__PURE__*/ qrl(i_onClick, "Greeter_component_div_CustomComponent_onClick")} />
			{array.map((item)=><AnotherComponent onClick$={/*#__PURE__*/ qrl(i_TMeOCKx0wo0, "test_Greeter_component_div_map_AnotherComponent_onClick_TMeOCKx0wo0")} />)}
		</div>;
};


None
/*
{
  "origin": "test.tsx",
  "name": "test_Greeter_component_ypCtrRwcmFs",
  "entry": null,
  "displayName": "test_Greeter_component",
  "hash": "ypCtrRwcmFs",
  "canonicalFilename": "test.tsx_test_Greeter_component_ypCtrRwcmFs",
  "path": "",
  "extension": "tsx",
  "parent": null,
  "ctxKind": "function",
  "ctxName": "component$",
  "captures": false,
  "loc": [
    193,
    349
  ]
}
*/
============================= test.tsx_test_Greeter_component_div_map_AnotherComponent_onClick_TMeOCKx0wo0.tsx (ENTRY POINT)==

export const test_Greeter_component_div_map_AnotherComponent_onClick_TMeOCKx0wo0 = ()=>{};


None
/*
{
  "origin": "test.tsx",
  "name": "test_Greeter_component_div_map_AnotherComponent_onClick_TMeOCKx0wo0",
  "entry": null,
  "displayName": "test_Greeter_component_div_map_AnotherComponent_onClick",
  "hash": "TMeOCKx0wo0",
  "canonicalFilename": "test.tsx_test_Greeter_component_div_map_AnotherComponent_onClick_TMeOCKx0wo0",
  "path": "",
  "extension": "tsx",
  "parent": null,
  "ctxKind": "eventHandler",
  "ctxName": "onClick$",
  "captures": false,
  "loc": [
    0,
    0
  ]
}
*/
============================= test.tsx ==

import { componentQrl, qrl } from "@qwik.dev/core";
const i_ypCtrRwcmFs = ()=>import("./test.tsx_test_Greeter_component_ypCtrRwcmFs");
export const Greeter = /*#__PURE__*/ componentQrl(/*#__PURE__*/ qrl(i_ypCtrRwcmFs, "test_Greeter_component_ypCtrRwcmFs"));


None
== DIAGNOSTICS ==

[]
