---
source: optimizer/src/js_lib_interface.rs
expression: output
---
==INPUT==

import { component$ } from '@qwik.dev/core';

// Function declaration component$ - transforms correctly
export const Counter = component$(function Counter() {
    return (
        <div>
            Counter component
        </div>
    );
});

============================= test_qrl_function_declaration.js ==

import { componentQrl, qrl } from "@qwik.dev/core";
const i_nOJ26WQIA90 = ()=>import("./test_qrl_function_declaration.tsx_test_qrl_function_declaration_Counter_component_nOJ26WQIA90");
// Function declaration component$ - transforms correctly
export const Counter = /*#__PURE__*/ componentQrl(/*#__PURE__*/ qrl(i_nOJ26WQIA90, "test_qrl_function_declaration_Counter_component_nOJ26WQIA90"));


None
============================= test_qrl_function_declaration.tsx_test_qrl_function_declaration_Counter_component_nOJ26WQIA90.js (ENTRY POINT)==

import { _jsxSorted } from "@qwik.dev/core";
export const test_qrl_function_declaration_Counter_component_nOJ26WQIA90 = function Counter() {
	return /*#__PURE__*/ _jsxSorted("div", null, null, "Counter component", 3, null);
};


None
/*
{
  "origin": "test_qrl_function_declaration.tsx",
  "name": "test_qrl_function_declaration_Counter_component_nOJ26WQIA90",
  "entry": null,
  "displayName": "test_qrl_function_declaration_Counter_component",
  "hash": "nOJ26WQIA90",
  "canonicalFilename": "test_qrl_function_declaration.tsx_test_qrl_function_declaration_Counter_component_nOJ26WQIA90",
  "path": "",
  "extension": "js",
  "parent": null,
  "ctxKind": "function",
  "ctxName": "component$",
  "captures": false,
  "loc": [
    138,
    239
  ]
}
*/
== DIAGNOSTICS ==

[]
