---
source: optimizer/src/spec_parity_tests.rs
expression: output
---
==INPUT==

import { component$, useStyles$ } from '@qwik.dev/core';
import css1 from './global.css';
import css2 from './style.css';
import css3 from './style.css';

export const App = component$(() => {
	useStyles$(`${css1}${css2}`);
	useStyles$(css3);
})

============================= ./example_capture_imports.tsx_App_component_useStyles_1_9LwUIzydJiQ.js (ENTRY POINT)==

import css3 from "./style.css";
export const App_component_useStyles_1_9LwUIzydJiQ = css3;


None
/*
{
  "origin": "example_capture_imports.tsx",
  "name": "App_component_useStyles_1_9LwUIzydJiQ",
  "entry": null,
  "displayName": "example_capture_imports.tsx_App_component_useStyles_1",
  "hash": "9LwUIzydJiQ",
  "canonicalFilename": "example_capture_imports.tsx_App_component_useStyles_1_9LwUIzydJiQ",
  "path": ".",
  "extension": "js",
  "parent": null,
  "ctxKind": "function",
  "ctxName": "App_component_useStyles_1_9LwUIzydJiQ",
  "captures": false,
  "loc": [
    0,
    0
  ]
}
*/
============================= ./example_capture_imports.tsx_App_component_EHzZzwApBG8.js (ENTRY POINT)==

import { qrl, useStylesQrl } from "@qwik.dev/core";
export const App_component_EHzZzwApBG8 = () => {
	useStylesQrl(qrl(() => import("./example_capture_imports.tsx_App_component_useStyles_GQA9FLpe80g.js"), "App_component_useStyles_GQA9FLpe80g"));
	useStylesQrl(qrl(() => import("./example_capture_imports.tsx_App_component_useStyles_1_9LwUIzydJiQ.js"), "App_component_useStyles_1_9LwUIzydJiQ"));
};


None
/*
{
  "origin": "example_capture_imports.tsx",
  "name": "App_component_EHzZzwApBG8",
  "entry": null,
  "displayName": "example_capture_imports.tsx_App_component",
  "hash": "EHzZzwApBG8",
  "canonicalFilename": "example_capture_imports.tsx_App_component_EHzZzwApBG8",
  "path": ".",
  "extension": "js",
  "parent": null,
  "ctxKind": "function",
  "ctxName": "App_component_EHzZzwApBG8",
  "captures": false,
  "loc": [
    0,
    0
  ]
}
*/
============================= example_capture_imports.tsx ==

import { componentQrl, qrl } from "@qwik.dev/core";
export const App = componentQrl(qrl(() => import("./example_capture_imports.tsx_App_component_EHzZzwApBG8.js"), "App_component_EHzZzwApBG8"));


None
============================= ./example_capture_imports.tsx_App_component_useStyles_GQA9FLpe80g.js (ENTRY POINT)==

import css1 from "./global.css";
import css2 from "./style.css";
export const App_component_useStyles_GQA9FLpe80g = `${css1}${css2}`;


None
/*
{
  "origin": "example_capture_imports.tsx",
  "name": "App_component_useStyles_GQA9FLpe80g",
  "entry": null,
  "displayName": "example_capture_imports.tsx_App_component_useStyles",
  "hash": "GQA9FLpe80g",
  "canonicalFilename": "example_capture_imports.tsx_App_component_useStyles_GQA9FLpe80g",
  "path": ".",
  "extension": "js",
  "parent": null,
  "ctxKind": "function",
  "ctxName": "App_component_useStyles_GQA9FLpe80g",
  "captures": false,
  "loc": [
    0,
    0
  ]
}
*/
== DIAGNOSTICS ==

[]
