---
source: optimizer/src/spec_parity_tests.rs
expression: output
---
==INPUT==

import { $, component$ } from '@qwik.dev/core';
const Header = $((decl1, {decl2}, [decl3]) => {

	const hola = ident1.no;
	ident2;
	const a = ident1 + ident3;
	const b = ident1 + ident3;
	ident4(ident5, [ident6], {ident7}, {key: ident8});
	class Some {
		prop = ident9;
		method() {
			return ident10;
		}
	}

	return (
		<div onClick={(ident11) => ident11 + ident12} required={false}/>
	)
});

============================= project/test.tsx ==

import { qrl } from "@qwik.dev/core";
const i_hK08HU61t5U = ()=>import("./test.tsx_test_Header_hK08HU61t5U");
/*#__PURE__*/ qrl(i_hK08HU61t5U, "test_Header_hK08HU61t5U");


None
============================= project/test.tsx_test_Header_hK08HU61t5U.tsx (ENTRY POINT)==

export const test_Header_hK08HU61t5U = (decl1, { decl2 }, [decl3])=>{
	const hola = ident1.no;
	ident2;
	const a = ident1 + ident3;
	const b = ident1 + ident3;
	ident4(ident5, [ident6], { ident7 }, { key: ident8 });
	return <div onClick={(ident11)=>ident11 + ident12} required={false} />;
};


None
/*
{
  "origin": "project/test.tsx",
  "name": "test_Header_hK08HU61t5U",
  "entry": null,
  "displayName": "test_Header",
  "hash": "hK08HU61t5U",
  "canonicalFilename": "test.tsx_test_Header_hK08HU61t5U",
  "path": "project",
  "extension": "tsx",
  "parent": null,
  "ctxKind": "function",
  "ctxName": "$",
  "captures": false,
  "loc": [
    65,
    391
  ]
}
*/
== DIAGNOSTICS ==

[]
