---
source: optimizer/src/js_lib_interface.rs
expression: output
---
==INPUT==

import { $, component, onRender } from '@builder.io/qwik';

export const renderHeader = $(() => {
    return (
        <div onClick={$((ctx) => console.log(ctx))}/>
    );
});
const renderHeader = component($(() => {
    console.log("mount");
    return render;
}));


============================= test_example_2.tsx_test_example_2_renderHeader_div_onClick_02VULGI0XRo.js (ENTRY POINT)==

export const test_example_2_renderHeader_div_onClick_02VULGI0XRo = (ctx)=>console.log(ctx);


None
/*
{
  "origin": "test_example_2.tsx",
  "name": "test_example_2_renderHeader_div_onClick_02VULGI0XRo",
  "entry": null,
  "displayName": "test_example_2_renderHeader_div_onClick",
  "hash": "02VULGI0XRo",
  "canonicalFilename": "test_example_2.tsx_test_example_2_renderHeader_div_onClick_02VULGI0XRo",
  "path": "",
  "extension": "js",
  "parent": "$0",
  "ctxKind": "function",
  "ctxName": "$",
  "captures": false,
  "loc": [
    135,
    160
  ]
}
*/
============================= test_example_2.js ==

import { component, qrl } from "@qwik.dev/core";
const i_02VULGI0XRo = ()=>import("./test_example_2.tsx_test_example_2_renderHeader_div_onClick_02VULGI0XRo");
const i_Kvbzo9ac4HI = ()=>import("./test_example_2.tsx_test_example_2_renderHeader_Kvbzo9ac4HI");
const i_ERw0zjrPY0E = ()=>import("./test_example_2.tsx_test_example_2_renderHeader_component_ERw0zjrPY0E");
export const renderHeader = /*#__PURE__*/ qrl(i_Kvbzo9ac4HI, "test_example_2_renderHeader_Kvbzo9ac4HI");
const renderHeader = component(/*#__PURE__*/ qrl(i_ERw0zjrPY0E, "test_example_2_renderHeader_component_ERw0zjrPY0E"));


None
============================= test_example_2.tsx_test_example_2_renderHeader_Kvbzo9ac4HI.js (ENTRY POINT)==

import { _jsxSorted, qrl } from "@qwik.dev/core";
const i_02VULGI0XRo = ()=>import("./test_example_2.tsx_test_example_2_renderHeader_div_onClick_02VULGI0XRo");
export const test_example_2_renderHeader_Kvbzo9ac4HI = ()=>{
	return /*#__PURE__*/ _jsxSorted("div", { onClick: /*#__PURE__*/ qrl(i_02VULGI0XRo, "test_example_2_renderHeader_div_onClick_02VULGI0XRo") }, null, null, 3, null);
};


None
/*
{
  "origin": "test_example_2.tsx",
  "name": "test_example_2_renderHeader_Kvbzo9ac4HI",
  "entry": null,
  "displayName": "test_example_2_renderHeader",
  "hash": "Kvbzo9ac4HI",
  "canonicalFilename": "test_example_2.tsx_test_example_2_renderHeader_Kvbzo9ac4HI",
  "path": "",
  "extension": "js",
  "parent": null,
  "ctxKind": "function",
  "ctxName": "$",
  "captures": false,
  "loc": [
    90,
    173
  ]
}
*/
============================= test_example_2.tsx_test_example_2_renderHeader_component_ERw0zjrPY0E.js (ENTRY POINT)==

export const test_example_2_renderHeader_component_ERw0zjrPY0E = ()=>{
	console.log("mount");
	return render;
};


None
/*
{
  "origin": "test_example_2.tsx",
  "name": "test_example_2_renderHeader_component_ERw0zjrPY0E",
  "entry": null,
  "displayName": "test_example_2_renderHeader_component",
  "hash": "ERw0zjrPY0E",
  "canonicalFilename": "test_example_2.tsx_test_example_2_renderHeader_component_ERw0zjrPY0E",
  "path": "",
  "extension": "js",
  "parent": null,
  "ctxKind": "function",
  "ctxName": "$",
  "captures": false,
  "loc": [
    209,
    263
  ]
}
*/
== DIAGNOSTICS ==

[]
