---
source: optimizer/src/spec_parity_tests.rs
expression: output
---
==INPUT==

import { component$, useSignal, Signal } from '@qwik.dev/core';
const Foo = component$(function() {
  const data = useSignal<Signal<any>[]>([]);
  const data2 = useSignal<Signal<any>[]>([]);
  return <div>
	{data.value.map(row => (
	  <div onClick$={() => console.log(row.value.id)}>
		{data2.value.map(item => (
		  <p onClick$={() => console.log(row.value.id, item.value.id)}>{row.value.id}-{item.value.id}</p>
		))}
	  </div>
	))}
  </div>;
})

============================= test.tsx_test_Foo_component_div_map_div_map_p_onClick_TlIzsC7iPEM.js (ENTRY POINT)==

import { useLexicalScope } from "@qwik.dev/core";
export const test_Foo_component_div_map_div_map_p_onClick_TlIzsC7iPEM = (_, _1, item)=>{
	const [row] = useLexicalScope();
	return console.log(row.value.id, item.value.id);
};


None
/*
{
  "origin": "test.tsx",
  "name": "test_Foo_component_div_map_div_map_p_onClick_TlIzsC7iPEM",
  "entry": null,
  "displayName": "test_Foo_component_div_map_div_map_p_onClick",
  "hash": "TlIzsC7iPEM",
  "canonicalFilename": "test.tsx_test_Foo_component_div_map_div_map_p_onClick_TlIzsC7iPEM",
  "path": "",
  "extension": "js",
  "parent": null,
  "ctxKind": "eventHandler",
  "ctxName": "onClick$",
  "captures": true,
  "loc": [
    0,
    0
  ]
}
*/
============================= test.js ==

import { componentQrl, qrl } from "@qwik.dev/core";
const i_NK5Hyit5tec = ()=>import("./test.tsx_test_Foo_component_NK5Hyit5tec");
const _hf0 = (p0)=>p0.value.id;
const _hf0_str = "p0.value.id";
/*#__PURE__*/ componentQrl(/*#__PURE__*/ qrl(i_NK5Hyit5tec, "test_Foo_component_NK5Hyit5tec"));


None
============================= test.tsx_test_Foo_component_NK5Hyit5tec.js (ENTRY POINT)==

import { _fnSignal, _jsxSorted, qrl, useSignal } from "@qwik.dev/core";
const i_TlIzsC7iPEM = ()=>import("./test.tsx_test_Foo_component_div_map_div_map_p_onClick_TlIzsC7iPEM");
const i_0ECFp3N7wOw = ()=>import("./test.tsx_test_Foo_component_div_map_div_onClick_0ECFp3N7wOw");
export const test_Foo_component_NK5Hyit5tec = function() {
	const data = useSignal([]);
	const data2 = useSignal([]);
	return /*#__PURE__*/ _jsxSorted("div", null, null, data.value.map((row)=>/*#__PURE__*/ _jsxSorted("div", {
		q:p: row,
		on:click: /*#__PURE__*/ qrl(i_0ECFp3N7wOw, "test_Foo_component_div_map_div_onClick_0ECFp3N7wOw")
	}, null, data2.value.map((item)=>/*#__PURE__*/ _jsxSorted("p", {
		q:p: item,
		on:click: /*#__PURE__*/ qrl(i_TlIzsC7iPEM, "test_Foo_component_div_map_div_map_p_onClick_TlIzsC7iPEM", [row])
	}, null, [
		row.value.id,
		"-",
		_fnSignal(_hf0, [item], _hf0_str)
	], 1, null)), 1, null)), 1, null);
};


None
/*
{
  "origin": "test.tsx",
  "name": "test_Foo_component_NK5Hyit5tec",
  "entry": null,
  "displayName": "test_Foo_component",
  "hash": "NK5Hyit5tec",
  "canonicalFilename": "test.tsx_test_Foo_component_NK5Hyit5tec",
  "path": "",
  "extension": "js",
  "parent": null,
  "ctxKind": "function",
  "ctxName": "component$",
  "captures": false,
  "loc": [
    87,
    445
  ]
}
*/
============================= test.tsx_test_Foo_component_div_map_div_onClick_0ECFp3N7wOw.js (ENTRY POINT)==

export const test_Foo_component_div_map_div_onClick_0ECFp3N7wOw = (_, _1, row)=>console.log(row.value.id);


None
/*
{
  "origin": "test.tsx",
  "name": "test_Foo_component_div_map_div_onClick_0ECFp3N7wOw",
  "entry": null,
  "displayName": "test_Foo_component_div_map_div_onClick",
  "hash": "0ECFp3N7wOw",
  "canonicalFilename": "test.tsx_test_Foo_component_div_map_div_onClick_0ECFp3N7wOw",
  "path": "",
  "extension": "js",
  "parent": null,
  "ctxKind": "eventHandler",
  "ctxName": "onClick$",
  "captures": false,
  "loc": [
    0,
    0
  ]
}
*/
== DIAGNOSTICS ==

[]
