---
source: optimizer/src/spec_parity_tests.rs
expression: output
---
==INPUT==

import { $, component$, useStore } from '@qwik.dev/core';
export const useCounter = () => {
	return useStore({count: 0});
}

export const STEP = 1;

export const App = component$((props) => {
	const state = useCounter();
	const thing = useStore({thing: 0});
	const STEP_2 = 2;

	const count2 = state.count * 2;
	return (
		<div onClick$={() => state.count+=count2 }>
			<span>{state.count}</span>
			{buttons.map(btn => (
				<button
					onClick$={() => state.count += btn.offset + thing + STEP + STEP_2 + props.step}
				>
					{btn.name}
				</button>
			))}

		</div>

	);
})

============================= ./example_functional_component_2.tsx_App_component_div_map_button_onClick_sbIqTncz8UU.js (ENTRY POINT)==

import { STEP } from "./example_functional_component_2";
import { useLexicalScope } from "@qwik.dev/core";
export const App_component_div_map_button_onClick_sbIqTncz8UU = (_, _1, btn) => {
	const [STEP_2, props, state, thing] = useLexicalScope();
	return state.count += btn.offset + thing + STEP + STEP_2 + props.step;
};


None
/*
{
  "origin": "example_functional_component_2.tsx",
  "name": "App_component_div_map_button_onClick_sbIqTncz8UU",
  "entry": null,
  "displayName": "example_functional_component_2.tsx_App_component_div_map_button_onClick",
  "hash": "sbIqTncz8UU",
  "canonicalFilename": "example_functional_component_2.tsx_App_component_div_map_button_onClick_sbIqTncz8UU",
  "path": ".",
  "extension": "js",
  "parent": null,
  "ctxKind": "function",
  "ctxName": "App_component_div_map_button_onClick_sbIqTncz8UU",
  "captures": false,
  "loc": [
    0,
    0
  ]
}
*/
============================= ./example_functional_component_2.tsx_App_component_p6uB2qXBgm4.js (ENTRY POINT)==

import { useCounter } from "./example_functional_component_2";
import { _fnSignal, _jsxSorted, qrl, useStore } from "@qwik.dev/core";
export const App_component_p6uB2qXBgm4 = (props) => {
	const state = useCounter();
	const thing = useStore({ thing: 0 });
	const STEP_2 = 2;
	const count2 = state.count * 2;
	return /*#__PURE__*/ _jsxSorted("div", { on:click: qrl(i_App_component_div_onClick, "App_component_div_onClick", [count2, state]) }, null, [/*#__PURE__*/ _jsxSorted("span", null, null, state.count, 1, null), buttons.map((btn) => /*#__PURE__*/ _jsxSorted("button", { on:click: qrl(i_App_component_div_map_button_onClick_sbIqTncz8UU, "App_component_div_map_button_onClick_sbIqTncz8UU", [
		STEP_2,
		props,
		state,
		thing
	]) }, null, _fnSignal(_hf0, [btn], _hf0_str), 1, null))], 1, null);
};


None
/*
{
  "origin": "example_functional_component_2.tsx",
  "name": "App_component_p6uB2qXBgm4",
  "entry": null,
  "displayName": "example_functional_component_2.tsx_App_component",
  "hash": "p6uB2qXBgm4",
  "canonicalFilename": "example_functional_component_2.tsx_App_component_p6uB2qXBgm4",
  "path": ".",
  "extension": "js",
  "parent": null,
  "ctxKind": "function",
  "ctxName": "App_component_p6uB2qXBgm4",
  "captures": false,
  "loc": [
    0,
    0
  ]
}
*/
============================= example_functional_component_2.tsx ==

import { componentQrl, qrl, useStore } from "@qwik.dev/core";
const i_App_component_div_onClick = () => import("./example_functional_component_2.tsx.js");
const i_App_component_div_map_button_onClick_sbIqTncz8UU = () => import("./example_functional_component_2.tsx_App_component_div_map_button_onClick_sbIqTncz8UU.js");
const i_App_component_p6uB2qXBgm4 = () => import("./example_functional_component_2.tsx_App_component_p6uB2qXBgm4.js");
const _hf0 = (p0) => p0.name;
const _hf0_str = "p0.name";
export const useCounter = () => {
	return useStore({ count: 0 });
};
export const STEP = 1;
export const App = componentQrl(qrl(i_App_component_p6uB2qXBgm4, "App_component_p6uB2qXBgm4"));


None
== DIAGNOSTICS ==

[]
