---
source: optimizer/src/spec_parity_tests.rs
expression: output
---
==INPUT==

import { $, component$ } from '@qwik.dev/core';

export const Foo = component$(({foo}) => {
	const arg0 = 20;
	return $(() => {
		const fn = ({aaa}) => aaa;
		return (
			<div>
				{foo}{fn()}{arg0}
			</div>
		)
	});
})

export const Bar = component$(({bar}) => {
	return $(() => {
		return (
			<div>
				{bar}
			</div>
		)
	});
})

============================= ./example_multi_capture.tsx_Foo_component_1_Z6I1dV7lwB4.js (ENTRY POINT)==

export const Foo_component_1_Z6I1dV7lwB4 = () => {
	const [arg0] = useLexicalScope();
	const fn = ({ aaa }) => aaa;
	return <div>
				{foo}{fn()}{arg0}
			</div>;
};


None
/*
{
  "origin": "example_multi_capture.tsx",
  "name": "Foo_component_1_Z6I1dV7lwB4",
  "entry": null,
  "displayName": "example_multi_capture.tsx_Foo_component_1",
  "hash": "Z6I1dV7lwB4",
  "canonicalFilename": "example_multi_capture.tsx_Foo_component_1_Z6I1dV7lwB4",
  "path": ".",
  "extension": "js",
  "parent": null,
  "ctxKind": "function",
  "ctxName": "Foo_component_1_Z6I1dV7lwB4",
  "captures": false,
  "loc": [
    0,
    0
  ]
}
*/
============================= ./example_multi_capture.tsx_Foo_component_gmofgG21D48.js (ENTRY POINT)==

import { qrl } from "@qwik.dev/core";
export const Foo_component_gmofgG21D48 = ({ foo }) => {
	const arg0 = 20;
	return qrl(i_Foo_component_1_Z6I1dV7lwB4, "Foo_component_1_Z6I1dV7lwB4", [arg0]);
};


None
/*
{
  "origin": "example_multi_capture.tsx",
  "name": "Foo_component_gmofgG21D48",
  "entry": null,
  "displayName": "example_multi_capture.tsx_Foo_component",
  "hash": "gmofgG21D48",
  "canonicalFilename": "example_multi_capture.tsx_Foo_component_gmofgG21D48",
  "path": ".",
  "extension": "js",
  "parent": null,
  "ctxKind": "function",
  "ctxName": "Foo_component_gmofgG21D48",
  "captures": false,
  "loc": [
    0,
    0
  ]
}
*/
============================= ./example_multi_capture.tsx_Bar_component_1_bQYUAMchFqU.js (ENTRY POINT)==

export const Bar_component_1_bQYUAMchFqU = () => {
	return <div>
				{bar}
			</div>;
};


None
/*
{
  "origin": "example_multi_capture.tsx",
  "name": "Bar_component_1_bQYUAMchFqU",
  "entry": null,
  "displayName": "example_multi_capture.tsx_Bar_component_1",
  "hash": "bQYUAMchFqU",
  "canonicalFilename": "example_multi_capture.tsx_Bar_component_1_bQYUAMchFqU",
  "path": ".",
  "extension": "js",
  "parent": null,
  "ctxKind": "function",
  "ctxName": "Bar_component_1_bQYUAMchFqU",
  "captures": false,
  "loc": [
    0,
    0
  ]
}
*/
============================= ./example_multi_capture.tsx_Bar_component_5W0FDxOvMMQ.js (ENTRY POINT)==

import { qrl } from "@qwik.dev/core";
export const Bar_component_5W0FDxOvMMQ = ({ bar }) => {
	return qrl(i_Bar_component_1_bQYUAMchFqU, "Bar_component_1_bQYUAMchFqU");
};


None
/*
{
  "origin": "example_multi_capture.tsx",
  "name": "Bar_component_5W0FDxOvMMQ",
  "entry": null,
  "displayName": "example_multi_capture.tsx_Bar_component",
  "hash": "5W0FDxOvMMQ",
  "canonicalFilename": "example_multi_capture.tsx_Bar_component_5W0FDxOvMMQ",
  "path": ".",
  "extension": "js",
  "parent": null,
  "ctxKind": "function",
  "ctxName": "Bar_component_5W0FDxOvMMQ",
  "captures": false,
  "loc": [
    0,
    0
  ]
}
*/
============================= example_multi_capture.tsx ==

import { componentQrl, qrl } from "@qwik.dev/core";
const i_Foo_component_1_Z6I1dV7lwB4 = () => import("./example_multi_capture.tsx_Foo_component_1_Z6I1dV7lwB4.js");
const i_Foo_component_gmofgG21D48 = () => import("./example_multi_capture.tsx_Foo_component_gmofgG21D48.js");
const i_Bar_component_1_bQYUAMchFqU = () => import("./example_multi_capture.tsx_Bar_component_1_bQYUAMchFqU.js");
const i_Bar_component_5W0FDxOvMMQ = () => import("./example_multi_capture.tsx_Bar_component_5W0FDxOvMMQ.js");
export const Foo = componentQrl(qrl(i_Foo_component_gmofgG21D48, "Foo_component_gmofgG21D48"));
export const Bar = componentQrl(qrl(i_Bar_component_5W0FDxOvMMQ, "Bar_component_5W0FDxOvMMQ"));


None
== DIAGNOSTICS ==

[]
