---
source: optimizer/src/spec_parity_tests.rs
expression: output
---
==INPUT==

import { component$ } from '@qwik.dev/core';

function Hola(props: any) {
	return <div {...props}></div>;
}

export default component$(() => {
return <Hola>
	<div>1</div>
	<div>2</div>
</Hola>;
});

============================= ./should_split_spread_props_with_additional_prop5.tsx_component_ADYPS3WuK14.js (ENTRY POINT)==

import { _jsxSorted } from "@qwik.dev/core";
export const component_ADYPS3WuK14 = () => {
	return _jsxSorted(Hola, null, null, [/*#__PURE__*/ _jsxSorted("div", null, null, "1", 3, null), /*#__PURE__*/ _jsxSorted("div", null, null, "2", 3, null)], 3, null);
};


None
/*
{
  "origin": "should_split_spread_props_with_additional_prop5.tsx",
  "name": "component_ADYPS3WuK14",
  "entry": null,
  "displayName": "should_split_spread_props_with_additional_prop5.tsx_component",
  "hash": "ADYPS3WuK14",
  "canonicalFilename": "should_split_spread_props_with_additional_prop5.tsx_component_ADYPS3WuK14",
  "path": ".",
  "extension": "js",
  "parent": null,
  "ctxKind": "function",
  "ctxName": "component_ADYPS3WuK14",
  "captures": false,
  "loc": [
    0,
    0
  ]
}
*/
============================= should_split_spread_props_with_additional_prop5.tsx ==

import { _getConstProps, _getVarProps, _jsxSplit, componentQrl, qrl } from "@qwik.dev/core";
const i_component_ADYPS3WuK14 = () => import("./should_split_spread_props_with_additional_prop5.tsx_component_ADYPS3WuK14.js");
function Hola(props) {
	return /*#__PURE__*/ _jsxSplit("div", { ..._getVarProps(props) }, _getConstProps(props), null, 0, null);
}
export default componentQrl(qrl(i_component_ADYPS3WuK14, "component_ADYPS3WuK14"));


None
== DIAGNOSTICS ==

[]
