---
source: optimizer/src/spec_parity_tests.rs
expression: output
---
==INPUT==

import { component$, useSignal } from '@qwik.dev/core';

export default component$(() => {
	const count = useSignal(0);
	const count2 = useSignal(0);
	return (
		<div>
			{(count || count2).value}
		</div>
	);
});

============================= should_wrap_logical_expression_in_template.tsx ==

import { componentQrl, qrl } from "@qwik.dev/core";
const i_component_dtFkOVxWm2c = () => import("./should_wrap_logical_expression_in_template.tsx_component_dtFkOVxWm2c.js");
export default componentQrl(qrl(i_component_dtFkOVxWm2c, "component_dtFkOVxWm2c"));


None
============================= ./should_wrap_logical_expression_in_template.tsx_component_dtFkOVxWm2c.js (ENTRY POINT)==

import { _jsxSorted, useSignal } from "@qwik.dev/core";
export const component_dtFkOVxWm2c = () => {
	const count = useSignal(0);
	const count2 = useSignal(0);
	return /*#__PURE__*/ _jsxSorted("div", null, null, _wrapProp(count || count2), 1, null);
};


None
/*
{
  "origin": "should_wrap_logical_expression_in_template.tsx",
  "name": "component_dtFkOVxWm2c",
  "entry": null,
  "displayName": "should_wrap_logical_expression_in_template.tsx_component",
  "hash": "dtFkOVxWm2c",
  "canonicalFilename": "should_wrap_logical_expression_in_template.tsx_component_dtFkOVxWm2c",
  "path": ".",
  "extension": "js",
  "parent": null,
  "ctxKind": "function",
  "ctxName": "component_dtFkOVxWm2c",
  "captures": false,
  "loc": [
    0,
    0
  ]
}
*/
== DIAGNOSTICS ==

[]
