---
source: optimizer/src/transform.rs
expression: result.body
---
"import { _jsxSorted, _jsxSplit, componentQrl, qrl } from \"@qwik.dev/core\";\nexport const Lightweight = (props) => {\n\treturn /* @__PURE__ */ _jsxSorted(\"div\", {}, {}, [[/* @__PURE__ */ _jsxSorted(\"div\", {}, {}, [], 1, null), /* @__PURE__ */ _jsxSplit(\"button\", { ...props }, {}, [], 0, null)]], 1, null);\n};\nexport const Foo = componentQrl(qrl(() => import(\"./test.jsx_Foo_component_XXLiwMim708\"), \"Foo_component_XXLiwMim708\"));\n"
