---
source: optimizer/src/transform.rs
expression: comp.code
---
"import { qrl } from \"@qwik.dev/core\";\nexport const App_Header_component_B9F3YeqcO1w = () => {\n\tconsole.log(\"mount\");\n\treturn <div onClick={qrl(() => import(\"./test.tsx_App_Header_component_div_onClick_aO7uI7Iw6oQ\"), \"App_Header_component_div_onClick_aO7uI7Iw6oQ\")} />;\n};\n"
