---
source: src/transform.rs
expression: result.body
snapshot_kind: text
---
"import { qrl } from \"@qwik.dev/core\";\nimport { componentQrl } from \"@qwik.dev/core\";\nexport const App = () => {\n\tconst Header = componentQrl(qrl(() => import(\"./test.tsx_App_Header_component_B9F3YeqcO1w\"), \"App_Header_component_B9F3YeqcO1w\"));\n\treturn Header;\n};\n"
