---
source: optimizer/src/js_lib_interface.rs
expression: output
---
==INPUT==

import { $, component$ } from '@qwik.dev/core';

export const App = component$(() => {
    function hola() {
        console.log('hola');
    }
    class Thing {}
    class Other {}

    return $(() => {
        hola();
        new Thing();
        return (
            <div></div>
        )
    });
})
============================= test_example_capturing_fn_class.jsx_test_example_capturing_fn_class_App_component_1_TYN8QviqDGo.js (ENTRY POINT)==

import { _jsxSorted } from "@qwik.dev/core";
export const test_example_capturing_fn_class_App_component_1_TYN8QviqDGo = ()=>{
	hola();
	new Thing();
	return /*#__PURE__*/ _jsxSorted("div", null, null, null, 3, null);
};


None
/*
{
  "origin": "test_example_capturing_fn_class.js",
  "name": "test_example_capturing_fn_class_App_component_1_TYN8QviqDGo",
  "entry": null,
  "displayName": "test_example_capturing_fn_class_App_component_1",
  "hash": "TYN8QviqDGo",
  "canonicalFilename": "test_example_capturing_fn_class.jsx_test_example_capturing_fn_class_App_component_1_TYN8QviqDGo",
  "path": "",
  "extension": "js",
  "parent": "component",
  "ctxKind": "function",
  "ctxName": "$",
  "captures": false,
  "loc": [
    196,
    297
  ]
}
*/
============================= test_example_capturing_fn_class.jsx_test_example_capturing_fn_class_App_component_FJLlBuEFi6Y.js (ENTRY POINT)==

import { qrl } from "@qwik.dev/core";
export const test_example_capturing_fn_class_App_component_FJLlBuEFi6Y = ()=>{
	return /*#__PURE__*/ qrl(i_TYN8QviqDGo, "test_example_capturing_fn_class_App_component_1_TYN8QviqDGo");
};


None
/*
{
  "origin": "test_example_capturing_fn_class.js",
  "name": "test_example_capturing_fn_class_App_component_FJLlBuEFi6Y",
  "entry": null,
  "displayName": "test_example_capturing_fn_class_App_component",
  "hash": "FJLlBuEFi6Y",
  "canonicalFilename": "test_example_capturing_fn_class.jsx_test_example_capturing_fn_class_App_component_FJLlBuEFi6Y",
  "path": "",
  "extension": "js",
  "parent": null,
  "ctxKind": "function",
  "ctxName": "component$",
  "captures": false,
  "loc": [
    79,
    301
  ]
}
*/
============================= test_example_capturing_fn_class.js ==

import { componentQrl, qrl } from "@qwik.dev/core";
const i_TYN8QviqDGo = ()=>import("./test_example_capturing_fn_class.jsx_test_example_capturing_fn_class_App_component_1_TYN8QviqDGo");
const i_FJLlBuEFi6Y = ()=>import("./test_example_capturing_fn_class.jsx_test_example_capturing_fn_class_App_component_FJLlBuEFi6Y");
export const App = /*#__PURE__*/ componentQrl(/*#__PURE__*/ qrl(i_FJLlBuEFi6Y, "test_example_capturing_fn_class_App_component_FJLlBuEFi6Y"));


None
== DIAGNOSTICS ==

[
  {
    "category": "error",
    "code": "C02",
    "file": "test_example_capturing_fn_class.jsx",
    "message": "Reference to identifier 'hola' can not be used inside a Qrl($) scope because it's a function",
    "highlights": null,
    "suggestions": null,
    "scope": "optimizer"
  },
  {
    "category": "error",
    "code": "C02",
    "file": "test_example_capturing_fn_class.jsx",
    "message": "Reference to identifier 'Thing' can not be used inside a Qrl($) scope because it's a class",
    "highlights": null,
    "suggestions": null,
    "scope": "optimizer"
  }
]
