---
source: src/transform.rs
expression: comp.code
---
"import { Lightweight } from \"./test.jsx\";\nimport { jsx as _jsx, Fragment as _Fragment, jsxs as _jsxs } from \"react/jsx-runtime\";\nexport const Foo_component_1_dBtHyQ8Btps = () => {\n\treturn /* @__PURE__ */ _jsxs(\"div\", { children: [\n\t\t/* @__PURE__ */ _jsxs(_Fragment, { children: [\n\t\t\t/* @__PURE__ */ _jsx(\"div\", { class: \"class\" }),\n\t\t\t/* @__PURE__ */ _jsx(\"div\", { class: \"class\" }),\n\t\t\t/* @__PURE__ */ _jsx(\"div\", {\n\t\t\t\tclass: \"class\",\n\t\t\t\tchildren: \"12\"\n\t\t\t})\n\t\t] }),\n\t\t/* @__PURE__ */ _jsx(\"div\", {\n\t\t\tclass: \"class\",\n\t\t\tchildren: /* @__PURE__ */ _jsx(Lightweight, { ...props })\n\t\t}),\n\t\t/* @__PURE__ */ _jsxs(\"div\", {\n\t\t\tclass: \"class\",\n\t\t\tchildren: [\n\t\t\t\t/* @__PURE__ */ _jsx(\"div\", {}),\n\t\t\t\t/* @__PURE__ */ _jsx(\"div\", {}),\n\t\t\t\t/* @__PURE__ */ _jsx(\"div\", {})\n\t\t\t]\n\t\t}),\n\t\t/* @__PURE__ */ _jsx(\"div\", {\n\t\t\tclass: \"class\",\n\t\t\tchildren\n\t\t})\n\t] });\n};\n"
