---
source: optimizer/src/spec_parity_tests.rs
expression: output
---
==INPUT==

import { component$, useComputed$ } from '@qwik.dev/core';
import { inlineTranslate } from 'translate-lib';

export default component$(() => {
	const t = inlineTranslate();

	const productTitle = useComputed$(() => {
		return 'Test title';
	});

	return (
		<img 
			attr={t('home.imageAlt.founded-product:')}
			alt={`${t('home.imageAlt.founded-product:')} ${productTitle.value}`} />
	);
});

============================= test.tsx_component_ZUK1E201Ins.tsx (ENTRY POINT)==

import { _jsxSorted, qrl, useComputedQrl } from "@qwik.dev/core";
import { inlineTranslate } from "translate-lib";
const i_qyvYoxyiPuk = ()=>import("./test.tsx_component_productTitle_useComputed_qyvYoxyiPuk");
export const component_ZUK1E201Ins = ()=>{
	const t = inlineTranslate();
	const productTitle = /*#__PURE__*/ useComputedQrl(/*#__PURE__*/ qrl(i_qyvYoxyiPuk, "component_productTitle_useComputed_qyvYoxyiPuk"));
	return /*#__PURE__*/ _jsxSorted("img", {
		attr: t("home.imageAlt.founded-product:"),
		alt: `${t("home.imageAlt.founded-product:")} ${productTitle.value}`
	}, null, null, 3, null);
};


None
/*
{
  "origin": "test.tsx",
  "name": "component_ZUK1E201Ins",
  "entry": null,
  "displayName": "test.tsx_component",
  "hash": "ZUK1E201Ins",
  "canonicalFilename": "test.tsx_component_ZUK1E201Ins",
  "path": "",
  "extension": "tsx",
  "parent": null,
  "ctxKind": "function",
  "ctxName": "component$",
  "captures": false,
  "loc": [
    135,
    390
  ]
}
*/
============================= test.tsx ==

import { componentQrl, qrl } from "@qwik.dev/core";
const i_qyvYoxyiPuk = ()=>import("./test.tsx_component_productTitle_useComputed_qyvYoxyiPuk");
const i_ZUK1E201Ins = ()=>import("./test.tsx_component_ZUK1E201Ins");
export default /*#__PURE__*/ componentQrl(/*#__PURE__*/ qrl(i_ZUK1E201Ins, "component_ZUK1E201Ins"));


None
============================= test.tsx_component_productTitle_useComputed_qyvYoxyiPuk.tsx (ENTRY POINT)==

export const component_productTitle_useComputed_qyvYoxyiPuk = ()=>{
	return "Test title";
};


None
/*
{
  "origin": "test.tsx",
  "name": "component_productTitle_useComputed_qyvYoxyiPuk",
  "entry": null,
  "displayName": "test.tsx_component_productTitle_useComputed",
  "hash": "qyvYoxyiPuk",
  "canonicalFilename": "test.tsx_component_productTitle_useComputed_qyvYoxyiPuk",
  "path": "",
  "extension": "tsx",
  "parent": "component",
  "ctxKind": "function",
  "ctxName": "useComputed$",
  "captures": false,
  "loc": [
    209,
    242
  ]
}
*/
== DIAGNOSTICS ==

[]
