---
source: optimizer/src/js_lib_interface.rs
expression: output
---
==INPUT==

import { $ } from '@qwik.dev/core';

// Basic arrow function QRL
export const handler = $(() => {
    console.log('hello');
});

============================= test_qrl_basic_arrow.js ==

import { qrl } from "@qwik.dev/core";
const i_IKU7t4XDamU = ()=>import("./test_qrl_basic_arrow.tsx_test_qrl_basic_arrow_handler_IKU7t4XDamU");
// Basic arrow function QRL
export const handler = /*#__PURE__*/ qrl(i_IKU7t4XDamU, "test_qrl_basic_arrow_handler_IKU7t4XDamU");


None
============================= test_qrl_basic_arrow.tsx_test_qrl_basic_arrow_handler_IKU7t4XDamU.js (ENTRY POINT)==

export const test_qrl_basic_arrow_handler_IKU7t4XDamU = ()=>{
	console.log("hello");
};


None
/*
{
  "origin": "test_qrl_basic_arrow.tsx",
  "name": "test_qrl_basic_arrow_handler_IKU7t4XDamU",
  "entry": null,
  "displayName": "test_qrl_basic_arrow_handler",
  "hash": "IKU7t4XDamU",
  "canonicalFilename": "test_qrl_basic_arrow.tsx_test_qrl_basic_arrow_handler_IKU7t4XDamU",
  "path": "",
  "extension": "js",
  "parent": null,
  "ctxKind": "function",
  "ctxName": "$",
  "captures": false,
  "loc": [
    90,
    125
  ]
}
*/
== DIAGNOSTICS ==

[]
