---
source: optimizer/src/js_lib_interface.rs
expression: output
---
==INPUT==

import { $, useSignal } from '@qwik.dev/core';

// QRL with captured variables
export const Counter = () => {
    const count = useSignal(0);
    const name = 'test';

    const increment = $(() => {
        // Captures count and name from enclosing scope
        console.log(count.value, name);
    });

    return increment;
};

============================= test_qrl_with_captures.js ==

import { qrl, useSignal } from "@qwik.dev/core";
const i_s0iChmcskqY = ()=>import("./test_qrl_with_captures.tsx_test_qrl_with_captures_Counter_increment_s0iChmcskqY");
// QRL with captured variables
export const Counter = ()=>{
	const count = useSignal(0);
	const name = "test";
	const increment = /*#__PURE__*/ qrl(i_s0iChmcskqY, "test_qrl_with_captures_Counter_increment_s0iChmcskqY", [count, name]);
	return increment;
};


None
============================= test_qrl_with_captures.tsx_test_qrl_with_captures_Counter_increment_s0iChmcskqY.js (ENTRY POINT)==

export const test_qrl_with_captures_Counter_increment_s0iChmcskqY = ()=>{
	const [count, name] = useLexicalScope();
	console.log(count.value, name);
};


None
/*
{
  "origin": "test_qrl_with_captures.tsx",
  "name": "test_qrl_with_captures_Counter_increment_s0iChmcskqY",
  "entry": null,
  "displayName": "test_qrl_with_captures_Counter_increment",
  "hash": "s0iChmcskqY",
  "canonicalFilename": "test_qrl_with_captures.tsx_test_qrl_with_captures_Counter_increment_s0iChmcskqY",
  "path": "",
  "extension": "js",
  "parent": null,
  "ctxKind": "function",
  "ctxName": "$",
  "captures": true,
  "loc": [
    192,
    301
  ]
}
*/
== DIAGNOSTICS ==

[]
