---
source: optimizer/src/spec_parity_tests.rs
expression: output
---
==INPUT==

import { $, component$, useSignal, Signal } from '@qwik.dev/core';
const Foo = component$(function() {
  const data = useSignal<Signal<any>[]>([]);
  const Inner = component$(function(props) {
    const data = props.data
    return <div>{data.value.map(item => <p onClick$={() => console.log(item.value.id)}>{item.value.id}</p>)}</div>
  })
  return <Inner data={data} />
})

============================= ./should_transform_component_with_normal_function.tsx_Foo_component_cwC20JPJrUs.js (ENTRY POINT)==

import { _jsxSorted, componentQrl, qrl, useSignal } from "@qwik.dev/core";
export const Foo_component_cwC20JPJrUs = function() {
	const data = useSignal([]);
	const Inner = componentQrl(qrl(i_Foo_component_Inner_component_0OVQjU18qVI, "Foo_component_Inner_component_0OVQjU18qVI", [data]));
	return _jsxSorted(Inner, null, { data }, null, 3, null);
};


None
/*
{
  "origin": "should_transform_component_with_normal_function.tsx",
  "name": "Foo_component_cwC20JPJrUs",
  "entry": null,
  "displayName": "should_transform_component_with_normal_function.tsx_Foo_component",
  "hash": "cwC20JPJrUs",
  "canonicalFilename": "should_transform_component_with_normal_function.tsx_Foo_component_cwC20JPJrUs",
  "path": ".",
  "extension": "js",
  "parent": null,
  "ctxKind": "function",
  "ctxName": "Foo_component_cwC20JPJrUs",
  "captures": false,
  "loc": [
    0,
    0
  ]
}
*/
============================= ./should_transform_component_with_normal_function.tsx_Foo_component_Inner_component_0OVQjU18qVI.js (ENTRY POINT)==

import { _fnSignal, _jsxSorted, qrl } from "@qwik.dev/core";
export const Foo_component_Inner_component_0OVQjU18qVI = function(props) {
	const [data] = useLexicalScope();
	const data = props.data;
	return /*#__PURE__*/ _jsxSorted("div", null, null, data.value.map((item) => /*#__PURE__*/ _jsxSorted("p", { on:click: qrl(i_Foo_component_Inner_component_div_map_p_onClick_aGRFeTx4Lfo, "Foo_component_Inner_component_div_map_p_onClick_aGRFeTx4Lfo") }, null, _fnSignal((p0) => p0.value.id, [item], "p0.value.id"), 1, null)), 1, null);
};


None
/*
{
  "origin": "should_transform_component_with_normal_function.tsx",
  "name": "Foo_component_Inner_component_0OVQjU18qVI",
  "entry": null,
  "displayName": "should_transform_component_with_normal_function.tsx_Foo_component_Inner_component",
  "hash": "0OVQjU18qVI",
  "canonicalFilename": "should_transform_component_with_normal_function.tsx_Foo_component_Inner_component_0OVQjU18qVI",
  "path": ".",
  "extension": "js",
  "parent": null,
  "ctxKind": "function",
  "ctxName": "Foo_component_Inner_component_0OVQjU18qVI",
  "captures": false,
  "loc": [
    0,
    0
  ]
}
*/
============================= should_transform_component_with_normal_function.tsx ==

import { componentQrl, qrl } from "@qwik.dev/core";
const i_Foo_component_Inner_component_div_map_p_onClick_aGRFeTx4Lfo = () => import("./should_transform_component_with_normal_function.tsx_Foo_component_Inner_component_div_map_p_onClick_aGRFeTx4Lfo.js");
const i_Foo_component_Inner_component_0OVQjU18qVI = () => import("./should_transform_component_with_normal_function.tsx_Foo_component_Inner_component_0OVQjU18qVI.js");
const i_Foo_component_cwC20JPJrUs = () => import("./should_transform_component_with_normal_function.tsx_Foo_component_cwC20JPJrUs.js");
componentQrl(qrl(i_Foo_component_cwC20JPJrUs, "Foo_component_cwC20JPJrUs"));


None
============================= ./should_transform_component_with_normal_function.tsx_Foo_component_Inner_component_div_map_p_onClick_aGRFeTx4Lfo.js (ENTRY POINT)==

export const Foo_component_Inner_component_div_map_p_onClick_aGRFeTx4Lfo = (_, _1, item) => console.log(item.value.id);


None
/*
{
  "origin": "should_transform_component_with_normal_function.tsx",
  "name": "Foo_component_Inner_component_div_map_p_onClick_aGRFeTx4Lfo",
  "entry": null,
  "displayName": "should_transform_component_with_normal_function.tsx_Foo_component_Inner_component_div_map_p_onClick",
  "hash": "aGRFeTx4Lfo",
  "canonicalFilename": "should_transform_component_with_normal_function.tsx_Foo_component_Inner_component_div_map_p_onClick_aGRFeTx4Lfo",
  "path": ".",
  "extension": "js",
  "parent": null,
  "ctxKind": "function",
  "ctxName": "Foo_component_Inner_component_div_map_p_onClick_aGRFeTx4Lfo",
  "captures": false,
  "loc": [
    0,
    0
  ]
}
*/
== DIAGNOSTICS ==

[]
