---
source: optimizer/src/spec_parity_tests.rs
expression: output
---
==INPUT==

import { $, component$, useTask$ } from '@qwik.dev/core';
import { CONST } from 'const';
export const Works = component$((props) => {
	const {countNested} = useStore({value:{count:0}}).value;
	const countNested2 = countNested;
	const {hello} = countNested2;
	const bye = hello.bye;
	const {ciao} = bye.italian;


	return (
		<div ciao={ciao} >{foo}</div>
	);
});

============================= example_use_optimization.tsx ==

import{componentQrl,qrl}from"@qwik.dev/core";export const Works=componentQrl(qrl(()=>import(`./example_use_optimization.tsx_Works_component_GR9jralazbs.js`),`Works_component_GR9jralazbs`));

None
============================= ./example_use_optimization.tsx_Works_component_GR9jralazbs.js (ENTRY POINT)==

export const Works_component_GR9jralazbs=props=>{let{countNested}=useStore({value:{count:0}}).value,{hello}=countNested,{ciao}=hello.bye.italian;return<div ciao={ciao}>{foo}</div>};

None
/*
{
  "origin": "example_use_optimization.tsx",
  "name": "Works_component_GR9jralazbs",
  "entry": "entry_segments",
  "displayName": "example_use_optimization.tsx_Works_component",
  "hash": "GR9jralazbs",
  "canonicalFilename": "example_use_optimization.tsx_Works_component_GR9jralazbs",
  "path": ".",
  "extension": "js",
  "parent": null,
  "ctxKind": "function",
  "ctxName": "Works_component_GR9jralazbs",
  "captures": false,
  "loc": [
    0,
    0
  ]
}
*/
== DIAGNOSTICS ==

[]
