---
source: optimizer/src/spec_parity_tests.rs
expression: output
---
==INPUT==

import { component$, $ } from '@qwik.dev/core';
import mongo from 'mongodb';

export const Greeter = component$(() => {
	// Double count watch
	useTask$(async () => {
		await mongo.users();
	});
	return (
		<div>
			<div onClick$={() => {}}/>
			<div onClick$={() => {}}/>
			<div onClick$={() => {}}/>
		</div>
	)
});

============================= ./consistent_hashes.tsx_Greeter_component_hd1zjB8cngs.js (ENTRY POINT)==

import { _jsxSorted, qrl } from "@qwik.dev/core";
export const Greeter_component_hd1zjB8cngs = () => {
	useTaskQrl(qrl(() => import("./consistent_hashes.tsx_Greeter_component_useTask_ttdoGmi3Fx4.js"), "Greeter_component_useTask_ttdoGmi3Fx4"));
	return /*#__PURE__*/ _jsxSorted("div", null, null, [
		/*#__PURE__*/ _jsxSorted("div", { on:click: useTaskQrl(qrl(() => import("./consistent_hashes.tsx_Greeter_component_useTask_ttdoGmi3Fx4.js"), "Greeter_component_useTask_ttdoGmi3Fx4")) }, null, null, 3, null),
		/*#__PURE__*/ _jsxSorted("div", { on:click: qrl(() => import("./consistent_hashes.tsx.js"), "Greeter_component_div_div_onClick_1") }, null, null, 3, null),
		/*#__PURE__*/ _jsxSorted("div", { on:click: qrl(() => import("./consistent_hashes.tsx.js"), "Greeter_component_div_div_onClick_2") }, null, null, 3, null)
	], 3, null);
};


None
/*
{
  "origin": "consistent_hashes.tsx",
  "name": "Greeter_component_hd1zjB8cngs",
  "entry": null,
  "displayName": "consistent_hashes.tsx_Greeter_component",
  "hash": "hd1zjB8cngs",
  "canonicalFilename": "consistent_hashes.tsx_Greeter_component_hd1zjB8cngs",
  "path": ".",
  "extension": "js",
  "parent": null,
  "ctxKind": "function",
  "ctxName": "Greeter_component_hd1zjB8cngs",
  "captures": false,
  "loc": [
    0,
    0
  ]
}
*/
============================= ./consistent_hashes.tsx_Greeter_component_useTask_ttdoGmi3Fx4.js (ENTRY POINT)==

import mongo from "mongodb";
export const Greeter_component_useTask_ttdoGmi3Fx4 = async () => {
	await mongo.users();
};


None
/*
{
  "origin": "consistent_hashes.tsx",
  "name": "Greeter_component_useTask_ttdoGmi3Fx4",
  "entry": null,
  "displayName": "consistent_hashes.tsx_Greeter_component_useTask",
  "hash": "ttdoGmi3Fx4",
  "canonicalFilename": "consistent_hashes.tsx_Greeter_component_useTask_ttdoGmi3Fx4",
  "path": ".",
  "extension": "js",
  "parent": null,
  "ctxKind": "function",
  "ctxName": "Greeter_component_useTask_ttdoGmi3Fx4",
  "captures": false,
  "loc": [
    0,
    0
  ]
}
*/
============================= consistent_hashes.tsx ==

import { componentQrl, qrl } from "@qwik.dev/core";
export const Greeter = componentQrl(qrl(() => import("./consistent_hashes.tsx_Greeter_component_hd1zjB8cngs.js"), "Greeter_component_hd1zjB8cngs"));


None
== DIAGNOSTICS ==

[]
