---
source: optimizer/src/js_lib_interface.rs
expression: output
---
==INPUT==

import { $, useSignal } from '@qwik.dev/core';

// QRL with captured variables
export const Counter = () => {
    const count = useSignal(0);
    const name = 'test';

    const increment = $(() => {
        // Captures count and name from enclosing scope
        console.log(count.value, name);
    });

    return increment;
};

============================= ./test_qrl_with_captures.tsx_Counter_increment_GRxSFiyL3cQ.tsx (ENTRY POINT)==

export const Counter_increment_GRxSFiyL3cQ = () => {
	const [count, name] = useLexicalScope();
	console.log(count.value, name);
};


None
/*
{
  "origin": "test_qrl_with_captures.tsx",
  "name": "Counter_increment_GRxSFiyL3cQ",
  "entry": null,
  "displayName": "test_qrl_with_captures.tsx_Counter_increment",
  "hash": "GRxSFiyL3cQ",
  "canonicalFilename": "test_qrl_with_captures.tsx_Counter_increment_GRxSFiyL3cQ",
  "path": "",
  "extension": "tsx",
  "parent": null,
  "ctxKind": "function",
  "ctxName": "$",
  "captures": true,
  "loc": [
    0,
    0
  ]
}
*/
============================= test_qrl_with_captures.tsx ==

import { qrl, useSignal } from "@qwik.dev/core";
const i_Counter_increment_GRxSFiyL3cQ = () => import("./test_qrl_with_captures.tsx_Counter_increment_GRxSFiyL3cQ");
// QRL with captured variables
export const Counter = () => {
	const count = useSignal(0);
	const name = "test";
	const increment = qrl(i_Counter_increment_GRxSFiyL3cQ, "Counter_increment_GRxSFiyL3cQ", [count, name]);
	return increment;
};


None
== DIAGNOSTICS ==

[]
