---
source: optimizer/src/spec_parity_tests.rs
expression: output
---
==INPUT==

import { $, component$, useSignal } from "@qwik.dev/core";

export const FieldInput = component$(() => {
	const enabled = useSignal(false);
	const input = useSignal("");

  return (
     <input
		id="input"
		onInput$={
		enabled.value
			? $((ev, el) => {
				input.value = el.value;
			})
			: undefined
		}
		onFocus$={() => {
			enabled.value = true;
		}}
	/>
  );
});

============================= should_transform_qrls_in_ternary_expression.tsx ==

import { componentQrl, qrl } from "@qwik.dev/core";
export const FieldInput = componentQrl(qrl(() => import("./should_transform_qrls_in_ternary_expression.tsx_FieldInput_component_UpjUSe16JYE.js"), "FieldInput_component_UpjUSe16JYE"));


None
============================= ./should_transform_qrls_in_ternary_expression.tsx_FieldInput_component_UpjUSe16JYE.js (ENTRY POINT)==

import { _jsxSorted, qrl, useSignal } from "@qwik.dev/core";
export const FieldInput_component_UpjUSe16JYE = () => {
	const enabled = useSignal(false);
	const input = useSignal("");
	return /* @__PURE__ */ _jsxSorted("input", {
		on:input: qrl(() => import("./should_transform_qrls_in_ternary_expression.tsx_FieldInput_component_input_onInput_1_nr72jKD0uZI.js"), "FieldInput_component_input_onInput_1_nr72jKD0uZI", [input]),
		on:focus: qrl(() => import("./should_transform_qrls_in_ternary_expression.tsx.js"), "FieldInput_component_input_onFocus", [enabled])
	}, { id: "input" }, null, 3, null);
};


None
/*
{
  "origin": "should_transform_qrls_in_ternary_expression.tsx",
  "name": "FieldInput_component_UpjUSe16JYE",
  "entry": null,
  "displayName": "should_transform_qrls_in_ternary_expression.tsx_FieldInput_component",
  "hash": "UpjUSe16JYE",
  "canonicalFilename": "should_transform_qrls_in_ternary_expression.tsx_FieldInput_component_UpjUSe16JYE",
  "path": ".",
  "extension": "js",
  "parent": null,
  "ctxKind": "function",
  "ctxName": "FieldInput_component_UpjUSe16JYE",
  "captures": false,
  "loc": [
    0,
    0
  ]
}
*/
============================= ./should_transform_qrls_in_ternary_expression.tsx_FieldInput_component_input_onInput_1_nr72jKD0uZI.js (ENTRY POINT)==

export const FieldInput_component_input_onInput_1_nr72jKD0uZI = (ev, el) => {
	const [input] = useLexicalScope();
	input.value = el.value;
};


None
/*
{
  "origin": "should_transform_qrls_in_ternary_expression.tsx",
  "name": "FieldInput_component_input_onInput_1_nr72jKD0uZI",
  "entry": null,
  "displayName": "should_transform_qrls_in_ternary_expression.tsx_FieldInput_component_input_onInput_1",
  "hash": "nr72jKD0uZI",
  "canonicalFilename": "should_transform_qrls_in_ternary_expression.tsx_FieldInput_component_input_onInput_1_nr72jKD0uZI",
  "path": ".",
  "extension": "js",
  "parent": null,
  "ctxKind": "function",
  "ctxName": "FieldInput_component_input_onInput_1_nr72jKD0uZI",
  "captures": false,
  "loc": [
    0,
    0
  ]
}
*/
== DIAGNOSTICS ==

[]
