---
source: optimizer/src/spec_parity_tests.rs
expression: output
---
==INPUT==

import { component$ } from '@qwik.dev/core';

export default component$(() => {
	return (
		<div onClick$={() => console.log(mongodb)}>
		</div>
	);
});

============================= src/components/mongo/index.tsx ==

import { componentQrl, qrl } from "@qwik.dev/core";
const i_component_div_onClick = () => import("./index.tsx.js");
const i_component_rKJvPlyphow = () => import("./index.tsx_component_rKJvPlyphow.js");
export default componentQrl(qrl(i_component_rKJvPlyphow, "component_rKJvPlyphow"));


None
============================= ./src/components/mongo/index.tsx_component_rKJvPlyphow.js (ENTRY POINT)==

import { qrl } from "@qwik.dev/core";
export const component_rKJvPlyphow = () => {
	return <div on:click={qrl(i_component_div_onClick, "component_div_onClick")}>
		</div>;
};


None
/*
{
  "origin": "src/components/mongo/index.tsx",
  "name": "component_rKJvPlyphow",
  "entry": "entry_segments",
  "displayName": "index.tsx_component",
  "hash": "rKJvPlyphow",
  "canonicalFilename": "index.tsx_component_rKJvPlyphow",
  "path": "./src/components/mongo",
  "extension": "js",
  "parent": null,
  "ctxKind": "function",
  "ctxName": "component_rKJvPlyphow",
  "captures": false,
  "loc": [
    0,
    0
  ]
}
*/
== DIAGNOSTICS ==

[]
