---
source: optimizer/src/spec_parity_tests.rs
expression: output
---
==INPUT==

import { component$ } from '@qwik.dev/core';
import { Foo } from './foo';

export default component$((props) => {
	return (
		<Foo s={Math.random()} {...props} hello {...globalThis.nothing} />
	);
});

============================= ./should_split_spread_props_with_additional_prop3.tsx_component_7i1FOkHRmGc.js (ENTRY POINT)==

import { Foo } from "./foo";
import { _getConstProps, _getVarProps, _jsxSplit } from "@qwik.dev/core";
export const component_7i1FOkHRmGc = (props) => {
	return _jsxSplit(Foo, {
		s: Math.random(),
		..._getVarProps(props),
		hello: true,
		..._getVarProps(globalThis.nothing)
	}, _getConstProps(globalThis.nothing), null, 0, null);
};


None
/*
{
  "origin": "should_split_spread_props_with_additional_prop3.tsx",
  "name": "component_7i1FOkHRmGc",
  "entry": null,
  "displayName": "should_split_spread_props_with_additional_prop3.tsx_component",
  "hash": "7i1FOkHRmGc",
  "canonicalFilename": "should_split_spread_props_with_additional_prop3.tsx_component_7i1FOkHRmGc",
  "path": ".",
  "extension": "js",
  "parent": null,
  "ctxKind": "function",
  "ctxName": "component_7i1FOkHRmGc",
  "captures": false,
  "loc": [
    0,
    0
  ]
}
*/
============================= should_split_spread_props_with_additional_prop3.tsx ==

import { componentQrl, qrl } from "@qwik.dev/core";
const i_component_7i1FOkHRmGc = () => import("./should_split_spread_props_with_additional_prop3.tsx_component_7i1FOkHRmGc.js");
export default componentQrl(qrl(i_component_7i1FOkHRmGc, "component_7i1FOkHRmGc"));


None
== DIAGNOSTICS ==

[]
