---
source: optimizer/src/spec_parity_tests.rs
expression: output
---
==INPUT==

import { $, component$, useStore } from '@qwik.dev/core';

export const App = component$(({count, rest: [I2, {I3, v1: [I4], I5=v2, ...I6}, I7=v3, ...I8]}) => {
	const state = useStore({count: 0});
	const {rest: [C2, {C3, v1: [C4], C5=v2, ...C6}, C7=v3, ...C8]} = foo();
	return $(() => {
		return (
			<div onClick$={() => state.count += count + total }>
				{I2}{I3}{I4}{I5}{I6}{I7}{I8}
				{C2}{C3}{C4}{C5}{C6}{C7}{C8}
				{v1}{v2}{v3}
			</div>
		)
	});
})

============================= example_functional_component_capture_props.tsx ==

import { componentQrl, qrl } from "@qwik.dev/core";
const i_App_component_1_div_onClick = () => import("./example_functional_component_capture_props.tsx.js");
const i_App_component_1_CmRomoox4Hk = () => import("./example_functional_component_capture_props.tsx_App_component_1_CmRomoox4Hk.js");
const i_App_component_ntoaXCvatNM = () => import("./example_functional_component_capture_props.tsx_App_component_ntoaXCvatNM.js");
export const App = componentQrl(qrl(i_App_component_ntoaXCvatNM, "App_component_ntoaXCvatNM"));


None
============================= ./example_functional_component_capture_props.tsx_App_component_1_CmRomoox4Hk.js (ENTRY POINT)==

import { _jsxSorted, qrl } from "@qwik.dev/core";
export const App_component_1_CmRomoox4Hk = () => {
	const [state] = useLexicalScope();
	return /*#__PURE__*/ _jsxSorted("div", { on:click: qrl(i_App_component_1_div_onClick, "App_component_1_div_onClick", [state]) }, null, [
		I2,
		I3,
		I4,
		I5,
		I6,
		I7,
		I8,
		C2,
		C3,
		C4,
		C5,
		C6,
		C7,
		C8,
		v1,
		v2,
		v3
	], 1, null);
};


None
/*
{
  "origin": "example_functional_component_capture_props.tsx",
  "name": "App_component_1_CmRomoox4Hk",
  "entry": null,
  "displayName": "example_functional_component_capture_props.tsx_App_component_1",
  "hash": "CmRomoox4Hk",
  "canonicalFilename": "example_functional_component_capture_props.tsx_App_component_1_CmRomoox4Hk",
  "path": ".",
  "extension": "js",
  "parent": null,
  "ctxKind": "function",
  "ctxName": "App_component_1_CmRomoox4Hk",
  "captures": false,
  "loc": [
    0,
    0
  ]
}
*/
============================= ./example_functional_component_capture_props.tsx_App_component_ntoaXCvatNM.js (ENTRY POINT)==

import { qrl, useStore } from "@qwik.dev/core";
export const App_component_ntoaXCvatNM = ({ count, rest: [I2, { I3, v1: [I4], I5 = v2, ...I6 }, I7 = v3, ...I8] }) => {
	const state = useStore({ count: 0 });
	const { rest: [C2, { C3, v1: [C4], C5 = v2, ...C6 }, C7 = v3, ...C8] } = foo();
	return qrl(i_App_component_1_CmRomoox4Hk, "App_component_1_CmRomoox4Hk", [state]);
};


None
/*
{
  "origin": "example_functional_component_capture_props.tsx",
  "name": "App_component_ntoaXCvatNM",
  "entry": null,
  "displayName": "example_functional_component_capture_props.tsx_App_component",
  "hash": "ntoaXCvatNM",
  "canonicalFilename": "example_functional_component_capture_props.tsx_App_component_ntoaXCvatNM",
  "path": ".",
  "extension": "js",
  "parent": null,
  "ctxKind": "function",
  "ctxName": "App_component_ntoaXCvatNM",
  "captures": false,
  "loc": [
    0,
    0
  ]
}
*/
== DIAGNOSTICS ==

[]
