---
source: optimizer/src/js_lib_interface.rs
expression: output
---
==INPUT==

import { $, component$, type Component } from '@builder.io/qwik';

export const App = () => {
    const Header: Component = component$(() => {
        console.log("mount");
        return (
            <div onClick={$((ctx) => console.log(ctx))}/>
        );
    });
    return Header;
};

============================= test_example_ts.js ==

import { componentQrl, qrl } from "@qwik.dev/core";
const i_MotuGrL8C1M = ()=>import("./test_example_ts.tsx_test_example_ts_App_Header_component_div_onClick_MotuGrL8C1M");
const i_X0bgGZRflL8 = ()=>import("./test_example_ts.tsx_test_example_ts_App_Header_component_X0bgGZRflL8");
export const App = ()=>{
	const Header = /*#__PURE__*/ componentQrl(/*#__PURE__*/ qrl(i_X0bgGZRflL8, "test_example_ts_App_Header_component_X0bgGZRflL8"));
	return Header;
};


None
============================= test_example_ts.tsx_test_example_ts_App_Header_component_div_onClick_MotuGrL8C1M.js (ENTRY POINT)==

export const test_example_ts_App_Header_component_div_onClick_MotuGrL8C1M = (ctx)=>console.log(ctx);


None
/*
{
  "origin": "test_example_ts.tsx",
  "name": "test_example_ts_App_Header_component_div_onClick_MotuGrL8C1M",
  "entry": null,
  "displayName": "test_example_ts_App_Header_component_div_onClick",
  "hash": "MotuGrL8C1M",
  "canonicalFilename": "test_example_ts.tsx_test_example_ts_App_Header_component_div_onClick_MotuGrL8C1M",
  "path": "",
  "extension": "js",
  "parent": "component",
  "ctxKind": "function",
  "ctxName": "$",
  "captures": false,
  "loc": [
    218,
    243
  ]
}
*/
============================= test_example_ts.tsx_test_example_ts_App_Header_component_X0bgGZRflL8.js (ENTRY POINT)==

import { _jsxSorted, qrl } from "@qwik.dev/core";
const i_MotuGrL8C1M = ()=>import("./test_example_ts.tsx_test_example_ts_App_Header_component_div_onClick_MotuGrL8C1M");
export const test_example_ts_App_Header_component_X0bgGZRflL8 = ()=>{
	console.log("mount");
	return /*#__PURE__*/ _jsxSorted("div", { onClick: /*#__PURE__*/ qrl(i_MotuGrL8C1M, "test_example_ts_App_Header_component_div_onClick_MotuGrL8C1M") }, null, null, 3, null);
};


None
/*
{
  "origin": "test_example_ts.tsx",
  "name": "test_example_ts_App_Header_component_X0bgGZRflL8",
  "entry": null,
  "displayName": "test_example_ts_App_Header_component",
  "hash": "X0bgGZRflL8",
  "canonicalFilename": "test_example_ts.tsx_test_example_ts_App_Header_component_X0bgGZRflL8",
  "path": "",
  "extension": "js",
  "parent": null,
  "ctxKind": "function",
  "ctxName": "component$",
  "captures": false,
  "loc": [
    135,
    264
  ]
}
*/
== DIAGNOSTICS ==

[]
