---
source: optimizer/src/spec_parity_tests.rs
expression: output
---
==INPUT==

import { component$ } from '@qwik.dev/core';

const ManyEventsComponent = component$(() => {
	return (
		<div>
			<button
				onClick$={() => {}}
				onDblClick$={() => {}}
			>
				click
			</button>
			<button
				onClick$={() => {}}
				onBlur$={() => {}}
				on-anotherCustom$={() => {}}
				document:onFocus$={() => {}}
				window:onClick$={() => {}}
			>
				click
			</button>
		</div>
	);
});

============================= should_convert_jsx_events.tsx ==

import { componentQrl, qrl } from "@qwik.dev/core";
const i_ManyEventsComponent_component_div_button_onClick = () => import("./should_convert_jsx_events.tsx.js");
const i_ManyEventsComponent_component_div_button_onDblClick = () => import("./should_convert_jsx_events.tsx.js");
const i_ManyEventsComponent_component_div_button_onClick_1 = () => import("./should_convert_jsx_events.tsx.js");
const i_ManyEventsComponent_component_div_button_onBlur = () => import("./should_convert_jsx_events.tsx.js");
const i_ManyEventsComponent_component_div_button_on-anotherCustom = () => import("./should_convert_jsx_events.tsx.js");
const i_ManyEventsComponent_component_div_button_onFocus = () => import("./should_convert_jsx_events.tsx.js");
const i_ManyEventsComponent_component_div_button_onClick_2 = () => import("./should_convert_jsx_events.tsx.js");
const i_ManyEventsComponent_component_G4OWRG2dK5E = () => import("./should_convert_jsx_events.tsx_ManyEventsComponent_component_G4OWRG2dK5E.js");
componentQrl(qrl(i_ManyEventsComponent_component_G4OWRG2dK5E, "ManyEventsComponent_component_G4OWRG2dK5E"));


None
============================= ./should_convert_jsx_events.tsx_ManyEventsComponent_component_G4OWRG2dK5E.js (ENTRY POINT)==

import { _jsxSorted, qrl } from "@qwik.dev/core";
export const ManyEventsComponent_component_G4OWRG2dK5E = () => {
	return /*#__PURE__*/ _jsxSorted("div", null, null, [/*#__PURE__*/ _jsxSorted("button", {
		on:click: qrl(i_ManyEventsComponent_component_div_button_onClick, "ManyEventsComponent_component_div_button_onClick"),
		on:dblclick: qrl(i_ManyEventsComponent_component_div_button_onDblClick, "ManyEventsComponent_component_div_button_onDblClick")
	}, null, "click", 3, null), /*#__PURE__*/ _jsxSorted("button", {
		on:click: qrl(i_ManyEventsComponent_component_div_button_onClick_1, "ManyEventsComponent_component_div_button_onClick_1"),
		on:blur: qrl(i_ManyEventsComponent_component_div_button_onBlur, "ManyEventsComponent_component_div_button_onBlur"),
		on:another-custom: qrl(i_ManyEventsComponent_component_div_button_on-anotherCustom, "ManyEventsComponent_component_div_button_on-anotherCustom"),
		on-document:focus: qrl(i_ManyEventsComponent_component_div_button_onFocus, "ManyEventsComponent_component_div_button_onFocus"),
		on-window:click: qrl(i_ManyEventsComponent_component_div_button_onClick_2, "ManyEventsComponent_component_div_button_onClick_2")
	}, null, "click", 3, null)], 3, null);
};


None
/*
{
  "origin": "should_convert_jsx_events.tsx",
  "name": "ManyEventsComponent_component_G4OWRG2dK5E",
  "entry": null,
  "displayName": "should_convert_jsx_events.tsx_ManyEventsComponent_component",
  "hash": "G4OWRG2dK5E",
  "canonicalFilename": "should_convert_jsx_events.tsx_ManyEventsComponent_component_G4OWRG2dK5E",
  "path": ".",
  "extension": "js",
  "parent": null,
  "ctxKind": "function",
  "ctxName": "ManyEventsComponent_component_G4OWRG2dK5E",
  "captures": false,
  "loc": [
    0,
    0
  ]
}
*/
== DIAGNOSTICS ==

[]
