---
source: optimizer/src/js_lib_interface.rs
expression: output
---
==INPUT==

import { $, component$, h, Fragment } from '@qwik.dev/core';

export const Lightweight = (props) => {
    return (
        <div>
            <>
                <div/>
                <button {...props}/>
            </>
        </div>
    )
};

export const Foo = component$((props) => {
    return $(() => {
        return (
            <div>
                <>
                    <div class="class"/>
                    <div class="class"></div>
                    <div class="class">12</div>
                </>
                <div class="class">
                    <Lightweight {...props}/>
                </div>
                <div class="class">
                    <div/>
                    <div/>
                    <div/>
                </div>
                <div class="class">
                    {children}
                </div>
            </div>
        )
    });
}, {
    tagName: "my-foo",
});
============================= ./test_example_jsx.jsx_Foo_component_pGZPkYSFNjQ.js (ENTRY POINT)==

import { qrl } from "@qwik.dev/core";
export const Foo_component_pGZPkYSFNjQ = (props) => {
	return qrl(i_Foo_component_1_Za18NfgUnDQ, "Foo_component_1_Za18NfgUnDQ", [props]);
};


None
/*
{
  "origin": "test_example_jsx.js",
  "name": "Foo_component_pGZPkYSFNjQ",
  "entry": null,
  "displayName": "test_example_jsx.jsx_Foo_component",
  "hash": "pGZPkYSFNjQ",
  "canonicalFilename": "test_example_jsx.jsx_Foo_component_pGZPkYSFNjQ",
  "path": "",
  "extension": "js",
  "parent": null,
  "ctxKind": "function",
  "ctxName": "component$",
  "captures": false,
  "loc": [
    0,
    0
  ]
}
*/
============================= ./test_example_jsx.jsx_Foo_component_1_Za18NfgUnDQ.js (ENTRY POINT)==

import { Lightweight } from "./test_example_jsx.jsx";
import { _getConstProps, _getVarProps, _jsxSorted, _jsxSplit } from "@qwik.dev/core";
import { Fragment as _Fragment } from "@qwik.dev/core/jsx-runtime";
export const Foo_component_1_Za18NfgUnDQ = () => {
	const [props] = useLexicalScope();
	return /*#__PURE__*/ _jsxSorted("div", null, null, [
		/*#__PURE__*/ _jsxSorted(_Fragment, null, null, [
			/*#__PURE__*/ _jsxSorted("div", null, { class: "class" }, null, 3, null),
			/*#__PURE__*/ _jsxSorted("div", null, { class: "class" }, null, 3, null),
			/*#__PURE__*/ _jsxSorted("div", null, { class: "class" }, "12", 3, null)
		], 3, null),
		/*#__PURE__*/ _jsxSorted("div", null, { class: "class" }, _jsxSplit(Lightweight, { ..._getVarProps(props) }, _getConstProps(props), null, 0, null), 3, null),
		/*#__PURE__*/ _jsxSorted("div", null, { class: "class" }, [
			/*#__PURE__*/ _jsxSorted("div", null, null, null, 3, null),
			/*#__PURE__*/ _jsxSorted("div", null, null, null, 3, null),
			/*#__PURE__*/ _jsxSorted("div", null, null, null, 3, null)
		], 3, null),
		/*#__PURE__*/ _jsxSorted("div", null, { class: "class" }, children, 1, null)
	], 3, null);
};


None
/*
{
  "origin": "test_example_jsx.js",
  "name": "Foo_component_1_Za18NfgUnDQ",
  "entry": null,
  "displayName": "test_example_jsx.jsx_Foo_component_1",
  "hash": "Za18NfgUnDQ",
  "canonicalFilename": "test_example_jsx.jsx_Foo_component_1_Za18NfgUnDQ",
  "path": "",
  "extension": "js",
  "parent": null,
  "ctxKind": "function",
  "ctxName": "$",
  "captures": true,
  "loc": [
    0,
    0
  ]
}
*/
============================= test_example_jsx.js ==

import { _getConstProps, _getVarProps, _jsxSorted, _jsxSplit, componentQrl, qrl } from "@qwik.dev/core";
import { Fragment as _Fragment } from "@qwik.dev/core/jsx-runtime";
const i_Foo_component_1_Za18NfgUnDQ = () => import("./test_example_jsx.jsx_Foo_component_1_Za18NfgUnDQ");
const i_Foo_component_pGZPkYSFNjQ = () => import("./test_example_jsx.jsx_Foo_component_pGZPkYSFNjQ");
export const Lightweight = (props) => {
	return /*#__PURE__*/ _jsxSorted("div", null, null, /*#__PURE__*/ _jsxSorted(_Fragment, null, null, [/*#__PURE__*/ _jsxSorted("div", null, null, null, 3, null), /*#__PURE__*/ _jsxSplit("button", { ..._getVarProps(props) }, _getConstProps(props), null, 0, null)], 3, null), 3, null);
};
export const Foo = componentQrl(qrl(i_Foo_component_pGZPkYSFNjQ, "Foo_component_pGZPkYSFNjQ"));


None
== DIAGNOSTICS ==

[]
