---
source: optimizer/src/spec_parity_tests.rs
expression: output
---
==INPUT==

import { component$, $ } from '@qwik.dev/core';
export const Cmp = component$(() =>
	<Cmp foo={$(() => console.log('hi there'))}>Hello Qwik</Cmp>);

============================= transform_qrl_in_regular_prop.tsx ==

import { componentQrl, qrl } from "@qwik.dev/core";
export const Cmp = componentQrl(qrl(() => import("./transform_qrl_in_regular_prop.tsx_Cmp_component_rPV9n5lyQaQ.js"), "Cmp_component_rPV9n5lyQaQ"));


None
============================= ./transform_qrl_in_regular_prop.tsx_Cmp_component_rPV9n5lyQaQ.js (ENTRY POINT)==

import { Cmp } from "./transform_qrl_in_regular_prop";
import { _jsxSorted, qrl } from "@qwik.dev/core";
export const Cmp_component_rPV9n5lyQaQ = () => _jsxSorted(Cmp, { foo: qrl(() => import("./transform_qrl_in_regular_prop.tsx_Cmp_component_Cmp_foo_gNnB0ff9hqw.js"), "Cmp_component_Cmp_foo_gNnB0ff9hqw") }, null, "Hello Qwik", 3, null);


None
/*
{
  "origin": "transform_qrl_in_regular_prop.tsx",
  "name": "Cmp_component_rPV9n5lyQaQ",
  "entry": null,
  "displayName": "transform_qrl_in_regular_prop.tsx_Cmp_component",
  "hash": "rPV9n5lyQaQ",
  "canonicalFilename": "transform_qrl_in_regular_prop.tsx_Cmp_component_rPV9n5lyQaQ",
  "path": ".",
  "extension": "js",
  "parent": null,
  "ctxKind": "function",
  "ctxName": "Cmp_component_rPV9n5lyQaQ",
  "captures": false,
  "loc": [
    0,
    0
  ]
}
*/
============================= ./transform_qrl_in_regular_prop.tsx_Cmp_component_Cmp_foo_gNnB0ff9hqw.js (ENTRY POINT)==

export const Cmp_component_Cmp_foo_gNnB0ff9hqw = () => console.log("hi there");


None
/*
{
  "origin": "transform_qrl_in_regular_prop.tsx",
  "name": "Cmp_component_Cmp_foo_gNnB0ff9hqw",
  "entry": null,
  "displayName": "transform_qrl_in_regular_prop.tsx_Cmp_component_Cmp_foo",
  "hash": "gNnB0ff9hqw",
  "canonicalFilename": "transform_qrl_in_regular_prop.tsx_Cmp_component_Cmp_foo_gNnB0ff9hqw",
  "path": ".",
  "extension": "js",
  "parent": null,
  "ctxKind": "function",
  "ctxName": "Cmp_component_Cmp_foo_gNnB0ff9hqw",
  "captures": false,
  "loc": [
    0,
    0
  ]
}
*/
== DIAGNOSTICS ==

[]
