---
source: optimizer/src/spec_parity_tests.rs
expression: output
---
==INPUT==

import { $, component$, useStyles } from '@qwik.dev/core';
import { qrl } from '@qwik.dev/core/what';

export const hW = 12;
export const handleWatch = 42;

const componentQrl = () => console.log('not this', qrl());

componentQrl();
export const Foo = component$(() => {
	useStyles$('thing');
	const qwik = hW + handleWatch;
	console.log(qwik);
	const qrl = 23;
	return (
		<div onClick$={()=> console.log(qrl)}/>
	)
}, {
	tagName: "my-foo",
});

export const Root = component$(() => {
	useStyles($('thing'));
	return $(() => {
		return (
			<div/>
		)
	});
}, {
	tagName: "my-foo",
});

============================= ./example_qwik_conflict.tsx_Foo_component_bj6aWAb5AEM.js (ENTRY POINT)==

import { _jsxSorted, useStylesQrl } from "@qwik.dev/core";
export const Foo_component_bj6aWAb5AEM = () => {
	useStylesQrl(qrl(i_Foo_component_useStyles_uF9rJ0YgPYQ, "Foo_component_useStyles_uF9rJ0YgPYQ"));
	const qwik = useStylesQrl(qrl(i_Foo_component_useStyles_uF9rJ0YgPYQ, "Foo_component_useStyles_uF9rJ0YgPYQ"));
	console.log(qwik);
	const qrl = 23;
	return /*#__PURE__*/ _jsxSorted("div", { on:click: qrl(i_Foo_component_div_onClick, "Foo_component_div_onClick", [qrl]) }, null, null, 3, null);
};


None
/*
{
  "origin": "example_qwik_conflict.tsx",
  "name": "Foo_component_bj6aWAb5AEM",
  "entry": null,
  "displayName": "example_qwik_conflict.tsx_Foo_component",
  "hash": "bj6aWAb5AEM",
  "canonicalFilename": "example_qwik_conflict.tsx_Foo_component_bj6aWAb5AEM",
  "path": ".",
  "extension": "js",
  "parent": null,
  "ctxKind": "function",
  "ctxName": "Foo_component_bj6aWAb5AEM",
  "captures": false,
  "loc": [
    0,
    0
  ]
}
*/
============================= ./example_qwik_conflict.tsx_Root_component_B5WWYvGWkWA.js (ENTRY POINT)==

import { qrl, useStyles } from "@qwik.dev/core";
export const Root_component_B5WWYvGWkWA = () => {
	useStyles(qrl(i_Root_component_useStyles_CkDuf80QpXU, "Root_component_useStyles_CkDuf80QpXU"));
	return qrl(i_Root_component_1_wQlGTVuPwNk, "Root_component_1_wQlGTVuPwNk");
};


None
/*
{
  "origin": "example_qwik_conflict.tsx",
  "name": "Root_component_B5WWYvGWkWA",
  "entry": null,
  "displayName": "example_qwik_conflict.tsx_Root_component",
  "hash": "B5WWYvGWkWA",
  "canonicalFilename": "example_qwik_conflict.tsx_Root_component_B5WWYvGWkWA",
  "path": ".",
  "extension": "js",
  "parent": null,
  "ctxKind": "function",
  "ctxName": "Root_component_B5WWYvGWkWA",
  "captures": false,
  "loc": [
    0,
    0
  ]
}
*/
============================= ./example_qwik_conflict.tsx_Root_component_useStyles_CkDuf80QpXU.js (ENTRY POINT)==

export const Root_component_useStyles_CkDuf80QpXU = "thing";


None
/*
{
  "origin": "example_qwik_conflict.tsx",
  "name": "Root_component_useStyles_CkDuf80QpXU",
  "entry": null,
  "displayName": "example_qwik_conflict.tsx_Root_component_useStyles",
  "hash": "CkDuf80QpXU",
  "canonicalFilename": "example_qwik_conflict.tsx_Root_component_useStyles_CkDuf80QpXU",
  "path": ".",
  "extension": "js",
  "parent": null,
  "ctxKind": "function",
  "ctxName": "Root_component_useStyles_CkDuf80QpXU",
  "captures": false,
  "loc": [
    0,
    0
  ]
}
*/
============================= ./example_qwik_conflict.tsx_Foo_component_useStyles_uF9rJ0YgPYQ.js (ENTRY POINT)==

export const Foo_component_useStyles_uF9rJ0YgPYQ = "thing";


None
/*
{
  "origin": "example_qwik_conflict.tsx",
  "name": "Foo_component_useStyles_uF9rJ0YgPYQ",
  "entry": null,
  "displayName": "example_qwik_conflict.tsx_Foo_component_useStyles",
  "hash": "uF9rJ0YgPYQ",
  "canonicalFilename": "example_qwik_conflict.tsx_Foo_component_useStyles_uF9rJ0YgPYQ",
  "path": ".",
  "extension": "js",
  "parent": null,
  "ctxKind": "function",
  "ctxName": "Foo_component_useStyles_uF9rJ0YgPYQ",
  "captures": false,
  "loc": [
    0,
    0
  ]
}
*/
============================= example_qwik_conflict.tsx ==

import { componentQrl, qrl } from "@qwik.dev/core";
import { qrl } from "@qwik.dev/core/what";
const i_Foo_component_useStyles_uF9rJ0YgPYQ = () => import("./example_qwik_conflict.tsx_Foo_component_useStyles_uF9rJ0YgPYQ.js");
const i_Foo_component_div_onClick = () => import("./example_qwik_conflict.tsx.js");
const i_Foo_component_bj6aWAb5AEM = () => import("./example_qwik_conflict.tsx_Foo_component_bj6aWAb5AEM.js");
const i_Root_component_useStyles_CkDuf80QpXU = () => import("./example_qwik_conflict.tsx_Root_component_useStyles_CkDuf80QpXU.js");
const i_Root_component_1_wQlGTVuPwNk = () => import("./example_qwik_conflict.tsx_Root_component_1_wQlGTVuPwNk.js");
const i_Root_component_B5WWYvGWkWA = () => import("./example_qwik_conflict.tsx_Root_component_B5WWYvGWkWA.js");
export const hW = 12;
export const handleWatch = 42;
const componentQrl = () => console.log("not this", qrl());
componentQrl();
export const Foo = componentQrl(qrl(i_Foo_component_bj6aWAb5AEM, "Foo_component_bj6aWAb5AEM"));
export const Root = componentQrl(qrl(i_Root_component_B5WWYvGWkWA, "Root_component_B5WWYvGWkWA"));


None
============================= ./example_qwik_conflict.tsx_Root_component_1_wQlGTVuPwNk.js (ENTRY POINT)==

import { _jsxSorted } from "@qwik.dev/core";
export const Root_component_1_wQlGTVuPwNk = () => {
	return /*#__PURE__*/ _jsxSorted("div", null, null, null, 3, null);
};


None
/*
{
  "origin": "example_qwik_conflict.tsx",
  "name": "Root_component_1_wQlGTVuPwNk",
  "entry": null,
  "displayName": "example_qwik_conflict.tsx_Root_component_1",
  "hash": "wQlGTVuPwNk",
  "canonicalFilename": "example_qwik_conflict.tsx_Root_component_1_wQlGTVuPwNk",
  "path": ".",
  "extension": "js",
  "parent": null,
  "ctxKind": "function",
  "ctxName": "Root_component_1_wQlGTVuPwNk",
  "captures": false,
  "loc": [
    0,
    0
  ]
}
*/
== DIAGNOSTICS ==

[]
