---
source: optimizer/src/spec_parity_tests.rs
expression: output
---
==INPUT==

import { $, component$, useSignal, Signal } from '@qwik.dev/core';
const Foo = component$(() => {
  const data = useSignal<Signal<any>[]>([]);
  const Inner = component$((props) => {
    const data = props.data
    return <div>{data.value.map(item => <p onClick$={() => console.log(item.value.id)}>{item.value.id}</p>)}</div>
  })
  return <Inner data={data} />
})

============================= ./should_extract_single_qrl_with_nested_components.tsx_Foo_component_Inner_component_w18tmCTFVVo.js (ENTRY POINT)==

import { _fnSignal, _jsxSorted, qrl } from "@qwik.dev/core";
export const Foo_component_Inner_component_w18tmCTFVVo = (props) => {
	const [data] = useLexicalScope();
	const data = props.data;
	return /*#__PURE__*/ _jsxSorted("div", null, null, data.value.map((item) => /*#__PURE__*/ _jsxSorted("p", { on:click: qrl(i_Foo_component_Inner_component_div_map_p_onClick_Xrv1cgBzIpg, "Foo_component_Inner_component_div_map_p_onClick_Xrv1cgBzIpg") }, null, _fnSignal(_hf0, [item], _hf0_str), 1, null)), 1, null);
};


None
/*
{
  "origin": "should_extract_single_qrl_with_nested_components.tsx",
  "name": "Foo_component_Inner_component_w18tmCTFVVo",
  "entry": null,
  "displayName": "should_extract_single_qrl_with_nested_components.tsx_Foo_component_Inner_component",
  "hash": "w18tmCTFVVo",
  "canonicalFilename": "should_extract_single_qrl_with_nested_components.tsx_Foo_component_Inner_component_w18tmCTFVVo",
  "path": ".",
  "extension": "js",
  "parent": null,
  "ctxKind": "function",
  "ctxName": "Foo_component_Inner_component_w18tmCTFVVo",
  "captures": false,
  "loc": [
    0,
    0
  ]
}
*/
============================= ./should_extract_single_qrl_with_nested_components.tsx_Foo_component_vNuTEmVFTXE.js (ENTRY POINT)==

import { _jsxSorted, componentQrl, qrl, useSignal } from "@qwik.dev/core";
export const Foo_component_vNuTEmVFTXE = () => {
	const data = useSignal([]);
	const Inner = componentQrl(qrl(i_Foo_component_Inner_component_w18tmCTFVVo, "Foo_component_Inner_component_w18tmCTFVVo", [data]));
	return _jsxSorted(Inner, null, { data }, null, 3, null);
};


None
/*
{
  "origin": "should_extract_single_qrl_with_nested_components.tsx",
  "name": "Foo_component_vNuTEmVFTXE",
  "entry": null,
  "displayName": "should_extract_single_qrl_with_nested_components.tsx_Foo_component",
  "hash": "vNuTEmVFTXE",
  "canonicalFilename": "should_extract_single_qrl_with_nested_components.tsx_Foo_component_vNuTEmVFTXE",
  "path": ".",
  "extension": "js",
  "parent": null,
  "ctxKind": "function",
  "ctxName": "Foo_component_vNuTEmVFTXE",
  "captures": false,
  "loc": [
    0,
    0
  ]
}
*/
============================= ./should_extract_single_qrl_with_nested_components.tsx_Foo_component_Inner_component_div_map_p_onClick_Xrv1cgBzIpg.js (ENTRY POINT)==

export const Foo_component_Inner_component_div_map_p_onClick_Xrv1cgBzIpg = (_, _1, item) => console.log(item.value.id);


None
/*
{
  "origin": "should_extract_single_qrl_with_nested_components.tsx",
  "name": "Foo_component_Inner_component_div_map_p_onClick_Xrv1cgBzIpg",
  "entry": null,
  "displayName": "should_extract_single_qrl_with_nested_components.tsx_Foo_component_Inner_component_div_map_p_onClick",
  "hash": "Xrv1cgBzIpg",
  "canonicalFilename": "should_extract_single_qrl_with_nested_components.tsx_Foo_component_Inner_component_div_map_p_onClick_Xrv1cgBzIpg",
  "path": ".",
  "extension": "js",
  "parent": null,
  "ctxKind": "function",
  "ctxName": "Foo_component_Inner_component_div_map_p_onClick_Xrv1cgBzIpg",
  "captures": false,
  "loc": [
    0,
    0
  ]
}
*/
============================= should_extract_single_qrl_with_nested_components.tsx ==

import { componentQrl, qrl } from "@qwik.dev/core";
const i_Foo_component_Inner_component_div_map_p_onClick_Xrv1cgBzIpg = () => import("./should_extract_single_qrl_with_nested_components.tsx_Foo_component_Inner_component_div_map_p_onClick_Xrv1cgBzIpg.js");
const i_Foo_component_Inner_component_w18tmCTFVVo = () => import("./should_extract_single_qrl_with_nested_components.tsx_Foo_component_Inner_component_w18tmCTFVVo.js");
const i_Foo_component_vNuTEmVFTXE = () => import("./should_extract_single_qrl_with_nested_components.tsx_Foo_component_vNuTEmVFTXE.js");
const _hf0 = (p0) => p0.value.id;
const _hf0_str = "p0.value.id";
componentQrl(qrl(i_Foo_component_vNuTEmVFTXE, "Foo_component_vNuTEmVFTXE"));


None
== DIAGNOSTICS ==

[]
