---
source: optimizer/src/spec_parity_tests.rs
expression: output
---
==INPUT==

import { $, component$ } from '@qwik.dev/core';
import thing from "../state";

export function foo() {
	return import("../foo/state2")
}

export const Header = component$(() => {
	return (
		<div>
			{import("../folder/state3")}
			{thing}
		</div>
	);
});

============================= ./project/folder/test.tsx_Header_component_RGgm7Ks9QWI.js (ENTRY POINT)==

import thing from"../state";export const Header_component_RGgm7Ks9QWI=()=><div>
			{import(`../folder/state3`)}
			{thing}
		</div>;

None
/*
{
  "origin": "project/folder/test.tsx",
  "name": "Header_component_RGgm7Ks9QWI",
  "entry": "entry_segments",
  "displayName": "test.tsx_Header_component",
  "hash": "RGgm7Ks9QWI",
  "canonicalFilename": "test.tsx_Header_component_RGgm7Ks9QWI",
  "path": "./project/folder",
  "extension": "js",
  "parent": null,
  "ctxKind": "function",
  "ctxName": "Header_component_RGgm7Ks9QWI",
  "captures": false,
  "loc": [
    0,
    0
  ]
}
*/
============================= project/folder/test.tsx ==

import{componentQrl,qrl}from"@qwik.dev/core";export function foo(){return import(`../foo/state2`)}export const Header=componentQrl(qrl(()=>import(`./test.tsx_Header_component_RGgm7Ks9QWI.js`),`Header_component_RGgm7Ks9QWI`));

None
== DIAGNOSTICS ==

[]
