---
source: optimizer/src/spec_parity_tests.rs
expression: output
---
==INPUT==

import { component$, $ } from '@qwik.dev/core';

export const Greeter = component$(() => {
	const value = useSignal(0);
	const checked = useSignal(false);
	const stuff = useSignal();
	return (
		<>
			<input bind:value={value} />
			<input bind:checked={checked} />
			<input bind:stuff={stuff} />
			<div>{value}</div>
			<div>{value.value}</div>
		</>

	)
});

============================= example_input_bind.tsx ==

import { componentQrl, qrl } from "@qwik.dev/core";
export const Greeter = componentQrl(qrl(() => import("./example_input_bind.tsx_s_T4d1JP9CGNM.js"), "s_T4d1JP9CGNM"));


None
============================= ./example_input_bind.tsx_s_T4d1JP9CGNM.js (ENTRY POINT)==

import { _jsxSorted } from "@qwik.dev/core";
import { Fragment as _Fragment } from "@qwik.dev/core/jsx-runtime";
export const s_T4d1JP9CGNM = () => {
	const value = useSignal(0);
	const checked = useSignal(false);
	const stuff = useSignal();
	return /* @__PURE__ */ _jsxSorted(_Fragment, null, null, [
		/* @__PURE__ */ _jsxSorted("input", null, {
			value,
			on:input: inlinedQrl(_val, "_val", [value])
		}, null, 3, null),
		/* @__PURE__ */ _jsxSorted("input", null, {
			checked,
			on:input: inlinedQrl(_chk, "_chk", [checked])
		}, null, 3, null),
		/* @__PURE__ */ _jsxSorted("input", null, { bind:stuff: stuff }, null, 3, null),
		/* @__PURE__ */ _jsxSorted("div", null, null, value, 1, null),
		/* @__PURE__ */ _jsxSorted("div", null, null, _wrapProp(value), 1, null)
	], 3, null);
};


None
/*
{
  "origin": "example_input_bind.tsx",
  "name": "s_T4d1JP9CGNM",
  "entry": "entry_segments",
  "displayName": "example_input_bind.tsx_Greeter_component",
  "hash": "T4d1JP9CGNM",
  "canonicalFilename": "example_input_bind.tsx_s_T4d1JP9CGNM",
  "path": ".",
  "extension": "js",
  "parent": null,
  "ctxKind": "function",
  "ctxName": "s_T4d1JP9CGNM",
  "captures": false,
  "loc": [
    0,
    0
  ]
}
*/
== DIAGNOSTICS ==

[]
