---
source: optimizer/src/spec_parity_tests.rs
expression: output
---
==INPUT==

export default (props: { data: any }) => {
  const { data } = props;
  return (
    <div
      data-is-active={data.selectedOutputDetail === 'options'}
      onClick$={() => {
        data.selectedOutputDetail = 'options';
      }}
    />
  );
};

============================= destructure_args_inline_cmp_block_stmt2.tsx ==

import { _jsxSorted, qrl } from "@qwik.dev/core";
export default (props) => {
	const { data } = props;
	return /*#__PURE__*/ _jsxSorted("div", {
		data-is-active: data.selectedOutputDetail === "options",
		on:click: qrl(() => import("./destructure_args_inline_cmp_block_stmt2.tsx.js"), "div_onClick")
	}, null, null, 3, null);
};


None
== DIAGNOSTICS ==

[]
