---
source: src/transform.rs
expression: result.body
---
"import { qrl } from \"@qwik.dev/core\";\nimport { componentQrl } from \"@qwik.dev/core\";\nexport const Lightweight = (props) => {\n\treturn /* @__PURE__ */ _jsxSorted(\"div\", {}, {}, [\n\t\t\"\\n            \",\n\t\t[\n\t\t\t\"\\n                \",\n\t\t\t/* @__PURE__ */ _jsxSorted(\"div\", {}, {}, [], 1, null),\n\t\t\t\"\\n                \",\n\t\t\t/* @__PURE__ */ _jsxSplit(\"button\", { ...props }, {}, [], 0, null),\n\t\t\t\"\\n            \"\n\t\t],\n\t\t\"\\n        \"\n\t], 1, null);\n};\nexport const Foo = componentQrl(qrl(() => import(\"./test.jsx_Foo_component_XXLiwMim708\"), \"Foo_component_XXLiwMim708\"));\n"
