---
source: src/transform.rs
expression: comp.code
snapshot_kind: text
---
"import { useStylesQrl, qrl } from \"@qwik.dev/core\";\nexport const App_component_MB7xrsoro5g = () => {\n\tuseStylesQrl(qrl(() => import(\"./test.jsx_App_component_useStyles_yj4sK3KtjRE\"), \"App_component_useStyles_yj4sK3KtjRE\"));\n\tuseStylesQrl(qrl(() => import(\"./test.jsx_App_component_useStyles_1_QaDDTipqmN4\"), \"App_component_useStyles_1_QaDDTipqmN4\"));\n};\n"
