---
source: src/transform.rs
expression: result.body
snapshot_kind: text
---
"import { componentQrl, qrl } from \"@builder.io/qwik\";\nexport const Header = componentQrl(qrl(() => import(\"./test.tsx_Header_component_J4uyIhaBNR4\"), \"Header_component_J4uyIhaBNR4\"));\ncomponentQrl(qrl(() => import(\"./test.tsx_App_component_ckEPmXZlub0\"), \"App_component_ckEPmXZlub0\"));\n"
